Product: MDK-ARM Lite 5.10
Component: ARM Compiler 5.04 update 1 (build 49)
Tool: armlink [5040049]

==============================================================================

Section Cross References

    main.o(.text) refers to nvic.o(.text) for NVIC_init
    main.o(.text) refers to systick.o(.text) for SYSTICK_DelayInit
    main.o(.text) refers to i2c.o(.text) for IIC_Init
    main.o(.text) refers to iic_ssd1306.o(.text) for OLED_Init
    main.o(.text) refers to gpio.o(.text) for GPIO_QuickInit
    main.o(.text) refers to uart.o(.text) for UART_QuickInit
    main.o(.text) refers to adc.o(.text) for ADC_init
    main.o(.text) refers to printfa.o(i.__0printf) for __2printf
    main.o(.text) refers to ffltui.o(.text) for __aeabi_ui2f
    main.o(.text) refers to f2d.o(.text) for __aeabi_f2d
    main.o(.text) refers to dmul.o(.text) for __aeabi_dmul
    main.o(.text) refers to d2f.o(.text) for __aeabi_d2f
    main.o(.text) refers to ffixui.o(.text) for __aeabi_f2uiz
    main.o(.text) refers to fadd.o(.text) for __aeabi_frsub
    main.o(.text) refers to fmul.o(.text) for __aeabi_fmul
    main.o(.text) refers to main.o(.data) for num
    stm32f10x_adc.o(.text) refers to stm32f10x_rcc.o(.text) for RCC_APB2PeriphResetCmd
    stm32f10x_bkp.o(.text) refers to stm32f10x_rcc.o(.text) for RCC_BackupResetCmd
    stm32f10x_can.o(.text) refers to stm32f10x_rcc.o(.text) for RCC_APB1PeriphResetCmd
    stm32f10x_cec.o(.text) refers to stm32f10x_rcc.o(.text) for RCC_APB1PeriphResetCmd
    stm32f10x_dac.o(.text) refers to stm32f10x_rcc.o(.text) for RCC_APB1PeriphResetCmd
    stm32f10x_gpio.o(.text) refers to stm32f10x_rcc.o(.text) for RCC_APB2PeriphResetCmd
    stm32f10x_i2c.o(.text) refers to stm32f10x_rcc.o(.text) for RCC_APB1PeriphResetCmd
    stm32f10x_pwr.o(.text) refers to stm32f10x_rcc.o(.text) for RCC_APB1PeriphResetCmd
    stm32f10x_rcc.o(.text) refers to stm32f10x_rcc.o(.data) for APBAHBPrescTable
    stm32f10x_spi.o(.text) refers to stm32f10x_rcc.o(.text) for RCC_APB2PeriphResetCmd
    stm32f10x_tim.o(.text) refers to stm32f10x_rcc.o(.text) for RCC_APB2PeriphResetCmd
    stm32f10x_usart.o(.text) refers to stm32f10x_rcc.o(.text) for RCC_APB2PeriphResetCmd
    stm32f10x_wwdg.o(.text) refers to stm32f10x_rcc.o(.text) for RCC_APB1PeriphResetCmd
    gpio.o(.text) refers to stm32f10x_rcc.o(.text) for RCC_APB2PeriphClockCmd
    gpio.o(.text) refers to stm32f10x_gpio.o(.text) for GPIO_Init
    systick.o(.text) refers to misc.o(.text) for SysTick_CLKSourceConfig
    systick.o(.text) refers to system_stm32f10x.o(.data) for SystemCoreClock
    systick.o(.text) refers to systick.o(.data) for fac_us
    uart.o(.text) refers to stm32f10x_usart.o(.text) for USART_SendData
    uart.o(.text) refers to stm32f10x_rcc.o(.text) for RCC_APB2PeriphClockCmd
    uart.o(.text) refers to stm32f10x_gpio.o(.text) for GPIO_Init
    uart.o(.text) refers to misc.o(.text) for NVIC_Init
    uart.o(.text) refers to uart.o(.bss) for UART_CallBackTable
    nvic.o(.text) refers to misc.o(.text) for NVIC_PriorityGroupConfig
    exti.o(.text) refers to gpio.o(.text) for GPIO_QuickInit
    exti.o(.text) refers to stm32f10x_rcc.o(.text) for RCC_APB2PeriphClockCmd
    exti.o(.text) refers to stm32f10x_gpio.o(.text) for GPIO_EXTILineConfig
    exti.o(.text) refers to stm32f10x_exti.o(.text) for EXTI_Init
    exti.o(.text) refers to misc.o(.text) for NVIC_Init
    exti.o(.text) refers to exti.o(.bss) for GPIO_CallBackTable
    spi.o(.text) refers to stm32f10x_spi.o(.text) for SPI_I2S_GetFlagStatus
    spi.o(.text) refers to stm32f10x_rcc.o(.text) for RCC_APB2PeriphClockCmd
    spi.o(.text) refers to stm32f10x_gpio.o(.text) for GPIO_Init
    nrf2401.o(.text) refers to spi.o(.text) for SPI_ReadWriteByte
    nrf2401.o(.text) refers to exti.o(.text) for EXTI_IRQcmd
    nrf2401.o(.text) refers to gpio.o(.text) for GPIO_QuickInit
    nrf2401.o(.text) refers to stm32f10x_gpio.o(.text) for GPIO_ResetBits
    nrf2401.o(.text) refers to printfa.o(i.__0printf) for __2printf
    nrf2401.o(.text) refers to nrf2401.o(.constdata) for RX_ADDRESS
    timer.o(.text) refers to stm32f10x_rcc.o(.text) for RCC_APB1PeriphClockCmd
    timer.o(.text) refers to stm32f10x_tim.o(.text) for TIM_TimeBaseInit
    timer.o(.text) refers to misc.o(.text) for NVIC_Init
    timer.o(.text) refers to printfa.o(i.__0printf) for __2printf
    timer.o(.text) refers to gpio.o(.text) for GPIO_QuickInit
    timer.o(.text) refers to stm32f10x_gpio.o(.text) for GPIO_ResetBits
    timer.o(.text) refers to timer.o(.bss) for TIMER_CallBackTable
    complement_filter.o(.text) refers to f2d.o(.text) for __aeabi_f2d
    complement_filter.o(.text) refers to dmul.o(.text) for __aeabi_dmul
    complement_filter.o(.text) refers to d2f.o(.text) for __aeabi_d2f
    complement_filter.o(.text) refers to fmul.o(.text) for __aeabi_fmul
    complement_filter.o(.text) refers to fadd.o(.text) for __aeabi_fadd
    i2c.o(.text) refers to stm32f10x_rcc.o(.text) for RCC_APB2PeriphClockCmd
[...]
    printf7.o(i.__0snprintf$7) refers to printf7.o(i._snputc) for _snputc
    printf7.o(i.__0sprintf$7) refers to printf7.o(i._printf_core) for _printf_core
    printf7.o(i.__0sprintf$7) refers to printf7.o(i._sputc) for _sputc
    printf7.o(i.__0vfprintf$7) refers to printf7.o(i._printf_core) for _printf_core
    printf7.o(i.__0vfprintf$7) refers to uart.o(.text) for fputc
    printf7.o(i.__0vprintf$7) refers to printf7.o(i._printf_core) for _printf_core
    printf7.o(i.__0vprintf$7) refers to uart.o(.text) for fputc
    printf7.o(i.__0vprintf$7) refers to stdout.o(.data) for __stdout
    printf7.o(i.__0vsnprintf$7) refers to printf7.o(i._printf_core) for _printf_core
    printf7.o(i.__0vsnprintf$7) refers to printf7.o(i._snputc) for _snputc
    printf7.o(i.__0vsprintf$7) refers to printf7.o(i._printf_core) for _printf_core
    printf7.o(i.__0vsprintf$7) refers to printf7.o(i._sputc) for _sputc
    printf7.o(i._printf_core) refers to printf7.o(i._printf_pre_padding) for _printf_pre_padding
    printf7.o(i._printf_core) refers to uldiv.o(.text) for __aeabi_uldivmod
    printf7.o(i._printf_core) refers to printf7.o(i._printf_post_padding) for _printf_post_padding
    printf8.o(i.__0fprintf$8) refers to printf8.o(i._printf_core) for _printf_core
    printf8.o(i.__0fprintf$8) refers to uart.o(.text) for fputc
    printf8.o(i.__0printf$8) refers to printf8.o(i._printf_core) for _printf_core
    printf8.o(i.__0printf$8) refers to uart.o(.text) for fputc
    printf8.o(i.__0printf$8) refers to stdout.o(.data) for __stdout
    printf8.o(i.__0snprintf$8) refers to printf8.o(i._printf_core) for _printf_core
    printf8.o(i.__0snprintf$8) refers to printf8.o(i._snputc) for _snputc
    printf8.o(i.__0sprintf$8) refers to printf8.o(i._printf_core) for _printf_core
    printf8.o(i.__0sprintf$8) refers to printf8.o(i._sputc) for _sputc
    printf8.o(i.__0vfprintf$8) refers to printf8.o(i._printf_core) for _printf_core
    printf8.o(i.__0vfprintf$8) refers to uart.o(.text) for fputc
    printf8.o(i.__0vprintf$8) refers to printf8.o(i._printf_core) for _printf_core
    printf8.o(i.__0vprintf$8) refers to uart.o(.text) for fputc
    printf8.o(i.__0vprintf$8) refers to stdout.o(.data) for __stdout
    printf8.o(i.__0vsnprintf$8) refers to printf8.o(i._printf_core) for _printf_core
    printf8.o(i.__0vsnprintf$8) refers to printf8.o(i._snputc) for _snputc
    printf8.o(i.__0vsprintf$8) refers to printf8.o(i._printf_core) for _printf_core
    printf8.o(i.__0vsprintf$8) refers to printf8.o(i._sputc) for _sputc
    printf8.o(i._printf_core) refers to printf8.o(i._printf_pre_padding) for _printf_pre_padding
    printf8.o(i._printf_core) refers to uldiv.o(.text) for __aeabi_uldivmod
    printf8.o(i._printf_core) refers to printf8.o(i._printf_post_padding) for _printf_post_padding
    printfa.o(i.__0fprintf) refers (Special) to iusefp.o(.text) for __I$use$fp
    printfa.o(i.__0fprintf) refers to printfa.o(i._printf_core) for _printf_core
    printfa.o(i.__0fprintf) refers to uart.o(.text) for fputc
    printfa.o(i.__0printf) refers (Special) to iusefp.o(.text) for __I$use$fp
    printfa.o(i.__0printf) refers to printfa.o(i._printf_core) for _printf_core
    printfa.o(i.__0printf) refers to uart.o(.text) for fputc
    printfa.o(i.__0printf) refers to stdout.o(.data) for __stdout
    printfa.o(i.__0snprintf) refers (Special) to iusefp.o(.text) for __I$use$fp
    printfa.o(i.__0snprintf) refers to printfa.o(i._printf_core) for _printf_core
    printfa.o(i.__0snprintf) refers to printfa.o(i._snputc) for _snputc
    printfa.o(i.__0sprintf) refers (Special) to iusefp.o(.text) for __I$use$fp
    printfa.o(i.__0sprintf) refers to printfa.o(i._printf_core) for _printf_core
    printfa.o(i.__0sprintf) refers to printfa.o(i._sputc) for _sputc
    printfa.o(i.__0vfprintf) refers (Special) to iusefp.o(.text) for __I$use$fp
    printfa.o(i.__0vfprintf) refers to printfa.o(i._printf_core) for _printf_core
    printfa.o(i.__0vfprintf) refers to uart.o(.text) for fputc
    printfa.o(i.__0vprintf) refers (Special) to iusefp.o(.text) for __I$use$fp
    printfa.o(i.__0vprintf) refers to printfa.o(i._printf_core) for _printf_core
    printfa.o(i.__0vprintf) refers to uart.o(.text) for fputc
    printfa.o(i.__0vprintf) refers to stdout.o(.data) for __stdout
    printfa.o(i.__0vsnprintf) refers (Special) to iusefp.o(.text) for __I$use$fp
    printfa.o(i.__0vsnprintf) refers to printfa.o(i._printf_core) for _printf_core
    printfa.o(i.__0vsnprintf) refers to printfa.o(i._snputc) for _snputc
    printfa.o(i.__0vsprintf) refers (Special) to iusefp.o(.text) for __I$use$fp
    printfa.o(i.__0vsprintf) refers to printfa.o(i._printf_core) for _printf_core
    printfa.o(i.__0vsprintf) refers to printfa.o(i._sputc) for _sputc
    printfa.o(i._fp_digits) refers (Special) to iusefp.o(.text) for __I$use$fp
    printfa.o(i._fp_digits) refers to dmul.o(.text) for __aeabi_dmul
    printfa.o(i._fp_digits) refers to ddiv.o(.text) for __aeabi_ddiv
    printfa.o(i._fp_digits) refers to cdrcmple.o(.text) for __aeabi_cdrcmple
    printfa.o(i._fp_digits) refers to dadd.o(.text) for __aeabi_dadd
    printfa.o(i._fp_digits) refers to dfixul.o(.text) for __aeabi_d2ulz
    printfa.o(i._fp_digits) refers to uldiv.o(.text) for __aeabi_uldivmod
    printfa.o(i._printf_core) refers (Special) to iusefp.o(.text) for __I$use$fp
    printfa.o(i._printf_core) refers to printfa.o(i._printf_pre_padding) for _printf_pre_padding
    printfa.o(i._printf_core) refers to uldiv.o(.text) for __aeabi_uldivmod
    printfa.o(i._printf_core) refers to printfa.o(i._printf_post_padding) for _printf_post_padding
    printfa.o(i._printf_core) refers to printfa.o(i._fp_digits) for _fp_digits
    printfa.o(i._printf_core) refers to uidiv.o(.text) for __aeabi_uidivmod
    printfa.o(i._printf_post_padding) refers (Special) to iusefp.o(.text) for __I$use$fp
    printfa.o(i._printf_pre_padding) refers (Special) to iusefp.o(.text) for __I$use$fp
    printfa.o(i._snputc) refers (Special) to iusefp.o(.text) for __I$use$fp
    printfa.o(i._sputc) refers (Special) to iusefp.o(.text) for __I$use$fp
    fadd.o(.text) refers (Special) to iusefp.o(.text) for __I$use$fp
    fadd.o(.text) refers to fepilogue.o(.text) for _float_epilogue
    fmul.o(.text) refers (Special) to iusefp.o(.text) for __I$use$fp
    fdiv.o(.text) refers (Special) to iusefp.o(.text) for __I$use$fp
    fdiv.o(.text) refers to fepilogue.o(.text) for _float_round
    dmul.o(.text) refers (Special) to iusefp.o(.text) for __I$use$fp
    dmul.o(.text) refers to depilogue.o(.text) for _double_epilogue
    ddiv.o(.text) refers (Special) to iusefp.o(.text) for __I$use$fp
    ddiv.o(.text) refers to depilogue.o(.text) for _double_round
    fflti.o(.text) refers (Special) to iusefp.o(.text) for __I$use$fp
    fflti.o(.text) refers to fepilogue.o(.text) for _float_epilogue
    ffltui.o(.text) refers (Special) to iusefp.o(.text) for __I$use$fp
    ffltui.o(.text) refers to fepilogue.o(.text) for _float_epilogue
    dflti.o(.text) refers (Special) to iusefp.o(.text) for __I$use$fp
    dflti.o(.text) refers to depilogue.o(.text) for _double_epilogue
    ffixui.o(.text) refers (Special) to iusefp.o(.text) for __I$use$fp
    f2d.o(.text) refers (Special) to iusefp.o(.text) for __I$use$fp
    d2f.o(.text) refers (Special) to iusefp.o(.text) for __I$use$fp
    d2f.o(.text) refers to fepilogue.o(.text) for _float_round
    cfrcmple.o(.text) refers (Special) to iusefp.o(.text) for __I$use$fp
    dunder.o(i.__mathlib_dbl_underflow) refers to dscalb.o(.text) for __ARM_scalbn
    fpclassify.o(i.__ARM_fpclassify) refers (Special) to iusefp.o(.text) for __I$use$fp
    poly.o(i.__kernel_poly) refers (Special) to iusefp.o(.text) for __I$use$fp
    poly.o(i.__kernel_poly) refers to dmul.o(.text) for __aeabi_dmul
    poly.o(i.__kernel_poly) refers to dadd.o(.text) for __aeabi_dadd
    qnan.o(.constdata) refers (Special) to iusefp.o(.text) for __I$use$fp
    entry2.o(.ARM.Collect$$$$00000001) refers to entry2.o(.ARM.Collect$$$$00002712) for __lit__00000000
    entry2.o(.ARM.Collect$$$$00002712) refers to startup_stm32f10x_md.o(STACK) for __initial_sp
    entry2.o(__vectab_stack_and_reset_area) refers to startup_stm32f10x_md.o(STACK) for __initial_sp
    entry2.o(__vectab_stack_and_reset_area) refers to entry.o(.ARM.Collect$$$$00000000) for __main
    entry5.o(.ARM.Collect$$$$00000004) refers to init.o(.text) for __scatterload
    entry9a.o(.ARM.Collect$$$$0000000B) refers to main.o(.text) for main
    entry9b.o(.ARM.Collect$$$$0000000C) refers to main.o(.text) for main
    uldiv.o(.text) refers to llushr.o(.text) for __aeabi_llsr
    uldiv.o(.text) refers to llshl.o(.text) for __aeabi_llsl
    errno.o(i.__aeabi_errno_addr) refers to errno.o(.data) for .data
    errno.o(i.__read_errno) refers to errno.o(.data) for .data
    errno.o(i.__set_errno) refers to errno.o(.data) for .data
    depilogue.o(.text) refers to llshl.o(.text) for __aeabi_llsl
    depilogue.o(.text) refers to llushr.o(.text) for __aeabi_llsr
    dadd.o(.text) refers to llshl.o(.text) for __aeabi_llsl
    dadd.o(.text) refers to llsshr.o(.text) for __aeabi_lasr
    dadd.o(.text) refers to depilogue.o(.text) for _double_epilogue
    dsqrt.o(.text) refers to llushr.o(.text) for __aeabi_llsr
    dsqrt.o(.text) refers to depilogue.o(.text) for _double_round
    dfixul.o(.text) refers to llushr.o(.text) for __aeabi_llsr
    dfixul.o(.text) refers to llshl.o(.text) for __aeabi_llsl
    init.o(.text) refers to entry5.o(.ARM.Collect$$$$00000004) for __main_after_scatterload


==============================================================================

Removing Unused input sections from the image.

    Removing main.o(.rev16_text), (4 bytes).
    Removing main.o(.revsh_text), (4 bytes).
    Removing misc.o(.rev16_text), (4 bytes).
    Removing misc.o(.revsh_text), (4 bytes).
    Removing stm32f10x_adc.o(.rev16_text), (4 bytes).
    Removing stm32f10x_adc.o(.revsh_text), (4 bytes).
    Removing stm32f10x_adc.o(.text), (1102 bytes).
    Removing stm32f10x_bkp.o(.rev16_text), (4 bytes).
    Removing stm32f10x_bkp.o(.revsh_text), (4 bytes).
    Removing stm32f10x_bkp.o(.text), (196 bytes).
    Removing stm32f10x_can.o(.rev16_text), (4 bytes).
    Removing stm32f10x_can.o(.revsh_text), (4 bytes).
    Removing stm32f10x_can.o(.text), (2544 bytes).
    Removing stm32f10x_cec.o(.rev16_text), (4 bytes).
    Removing stm32f10x_cec.o(.revsh_text), (4 bytes).
    Removing stm32f10x_cec.o(.text), (288 bytes).
    Removing stm32f10x_crc.o(.rev16_text), (4 bytes).
    Removing stm32f10x_crc.o(.revsh_text), (4 bytes).
    Removing stm32f10x_crc.o(.text), (72 bytes).
    Removing stm32f10x_dac.o(.rev16_text), (4 bytes).
    Removing stm32f10x_dac.o(.revsh_text), (4 bytes).
    Removing stm32f10x_dac.o(.text), (396 bytes).
    Removing stm32f10x_dbgmcu.o(.rev16_text), (4 bytes).
    Removing stm32f10x_dbgmcu.o(.revsh_text), (4 bytes).
    Removing stm32f10x_dbgmcu.o(.text), (48 bytes).
    Removing stm32f10x_dma.o(.rev16_text), (4 bytes).
    Removing stm32f10x_dma.o(.revsh_text), (4 bytes).
    Removing stm32f10x_dma.o(.text), (596 bytes).
    Removing stm32f10x_exti.o(.rev16_text), (4 bytes).
    Removing stm32f10x_exti.o(.revsh_text), (4 bytes).
    Removing stm32f10x_flash.o(.rev16_text), (4 bytes).
    Removing stm32f10x_flash.o(.revsh_text), (4 bytes).
    Removing stm32f10x_flash.o(.text), (1468 bytes).
    Removing stm32f10x_fsmc.o(.rev16_text), (4 bytes).
    Removing stm32f10x_fsmc.o(.revsh_text), (4 bytes).
    Removing stm32f10x_fsmc.o(.text), (1548 bytes).
    Removing stm32f10x_gpio.o(.rev16_text), (4 bytes).
    Removing stm32f10x_gpio.o(.revsh_text), (4 bytes).
    Removing stm32f10x_i2c.o(.rev16_text), (4 bytes).
    Removing stm32f10x_i2c.o(.revsh_text), (4 bytes).
    Removing stm32f10x_i2c.o(.text), (1028 bytes).
    Removing stm32f10x_iwdg.o(.rev16_text), (4 bytes).
    Removing stm32f10x_iwdg.o(.revsh_text), (4 bytes).
    Removing stm32f10x_iwdg.o(.text), (64 bytes).
    Removing stm32f10x_pwr.o(.rev16_text), (4 bytes).
    Removing stm32f10x_pwr.o(.revsh_text), (4 bytes).
    Removing stm32f10x_pwr.o(.text), (204 bytes).
    Removing stm32f10x_rcc.o(.rev16_text), (4 bytes).
    Removing stm32f10x_rcc.o(.revsh_text), (4 bytes).
    Removing stm32f10x_rtc.o(.rev16_text), (4 bytes).
    Removing stm32f10x_rtc.o(.revsh_text), (4 bytes).
    Removing stm32f10x_rtc.o(.text), (328 bytes).
    Removing stm32f10x_sdio.o(.rev16_text), (4 bytes).
    Removing stm32f10x_sdio.o(.revsh_text), (4 bytes).
    Removing stm32f10x_sdio.o(.text), (468 bytes).
    Removing stm32f10x_spi.o(.rev16_text), (4 bytes).
    Removing stm32f10x_spi.o(.revsh_text), (4 bytes).
    Removing stm32f10x_spi.o(.text), (780 bytes).
    Removing stm32f10x_tim.o(.rev16_text), (4 bytes).
    Removing stm32f10x_tim.o(.revsh_text), (4 bytes).
    Removing stm32f10x_usart.o(.rev16_text), (4 bytes).
    Removing stm32f10x_usart.o(.revsh_text), (4 bytes).
    Removing stm32f10x_wwdg.o(.rev16_text), (4 bytes).
    Removing stm32f10x_wwdg.o(.revsh_text), (4 bytes).
    Removing stm32f10x_wwdg.o(.text), (136 bytes).
    Removing gpio.o(.rev16_text), (4 bytes).
    Removing gpio.o(.revsh_text), (4 bytes).
    Removing systick.o(.rev16_text), (4 bytes).
    Removing systick.o(.revsh_text), (4 bytes).
    Removing uart.o(.rev16_text), (4 bytes).
    Removing uart.o(.revsh_text), (4 bytes).
    Removing nvic.o(.rev16_text), (4 bytes).
    Removing nvic.o(.revsh_text), (4 bytes).
    Removing exti.o(.rev16_text), (4 bytes).
    Removing exti.o(.revsh_text), (4 bytes).
    Removing iwdg.o(.rev16_text), (4 bytes).
    Removing iwdg.o(.revsh_text), (4 bytes).
    Removing iwdg.o(.text), (64 bytes).
    Removing spi.o(.rev16_text), (4 bytes).
    Removing spi.o(.revsh_text), (4 bytes).
    Removing spi.o(.text), (588 bytes).
    Removing nrf2401.o(.rev16_text), (4 bytes).
    Removing nrf2401.o(.revsh_text), (4 bytes).
    Removing nrf2401.o(.text), (932 bytes).
    Removing nrf2401.o(.constdata), (10 bytes).
    Removing timer.o(.rev16_text), (4 bytes).
    Removing timer.o(.revsh_text), (4 bytes).
    Removing adc.o(.rev16_text), (4 bytes).
    Removing adc.o(.revsh_text), (4 bytes).
    Removing complement_filter.o(.rev16_text), (4 bytes).
    Removing complement_filter.o(.revsh_text), (4 bytes).
    Removing complement_filter.o(.text), (324 bytes).
    Removing i2c.o(.rev16_text), (4 bytes).
    Removing i2c.o(.revsh_text), (4 bytes).
    Removing kalman.o(.rev16_text), (4 bytes).
    Removing kalman.o(.revsh_text), (4 bytes).
    Removing kalman.o(.text), (700 bytes).
    Removing mpu6050_basic.o(.rev16_text), (4 bytes).
    Removing mpu6050_basic.o(.revsh_text), (4 bytes).
    Removing mpu6050_basic.o(.text), (952 bytes).
    Removing my_math.o(.rev16_text), (4 bytes).
    Removing my_math.o(.revsh_text), (4 bytes).
    Removing my_math.o(.text), (112 bytes).
    Removing quaternion_fix.o(.rev16_text), (4 bytes).
    Removing quaternion_fix.o(.revsh_text), (4 bytes).
    Removing quaternion_fix.o(.text), (1324 bytes).
    Removing quaternion_fix.o(.data), (40 bytes).
    Removing iic_ssd1306.o(.rev16_text), (4 bytes).
    Removing iic_ssd1306.o(.revsh_text), (4 bytes).
    Removing startup_stm32f10x_md.o(HEAP), (512 bytes).
    Removing system_stm32f10x.o(.rev16_text), (4 bytes).
    Removing system_stm32f10x.o(.revsh_text), (4 bytes).
    Removing fdiv.o(.text), (124 bytes).
    Removing fflti.o(.text), (18 bytes).
    Removing dflti.o(.text), (34 bytes).
    Removing dscalb.o(.text), (46 bytes).
    Removing dsqrt.o(.text), (162 bytes).
    Removing cdcmple.o(.text), (40 bytes).

118 unused section(s) (total 17584 bytes) removed from the image.

==============================================================================

Image Symbol Table

    Local Symbols

    Symbol Name                              Value     Ov Type        Size  Object(Section)

    ../clib/../cmprslib/zerorunl2.c          0x00000000   Number         0  __dczerorl2.o ABSOLUTE
    ../clib/microlib/division.c              0x00000000   Number         0  uldiv.o ABSOLUTE
    ../clib/microlib/division.c              0x00000000   Number         0  uidiv.o ABSOLUTE
    ../clib/microlib/errno.c                 0x00000000   Number         0  errno.o ABSOLUTE
    ../clib/microlib/init/entry.s            0x00000000   Number         0  entry11b.o ABSOLUTE
    ../clib/microlib/init/entry.s            0x00000000   Number         0  entry8b.o ABSOLUTE
    ../clib/microlib/init/entry.s            0x00000000   Number         0  entry9b.o ABSOLUTE
    ../clib/microlib/init/entry.s            0x00000000   Number         0  entry.o ABSOLUTE
    ../clib/microlib/init/entry.s            0x00000000   Number         0  entry9a.o ABSOLUTE
    ../clib/microlib/init/entry.s            0x00000000   Number         0  entry2.o ABSOLUTE
    ../clib/microlib/init/entry.s            0x00000000   Number         0  entry7b.o ABSOLUTE
    ../clib/microlib/init/entry.s            0x00000000   Number         0  entry8a.o ABSOLUTE
    ../clib/microlib/init/entry.s            0x00000000   Number         0  entry11a.o ABSOLUTE
    ../clib/microlib/init/entry.s            0x00000000   Number         0  entry7a.o ABSOLUTE
    ../clib/microlib/init/entry.s            0x00000000   Number         0  entry10b.o ABSOLUTE
    ../clib/microlib/init/entry.s            0x00000000   Number         0  entry5.o ABSOLUTE
    ../clib/microlib/init/entry.s            0x00000000   Number         0  entry10a.o ABSOLUTE
    ../clib/microlib/longlong.c              0x00000000   Number         0  llushr.o ABSOLUTE
    ../clib/microlib/longlong.c              0x00000000   Number         0  llshl.o ABSOLUTE
    ../clib/microlib/longlong.c              0x00000000   Number         0  llsshr.o ABSOLUTE
    ../clib/microlib/printf/printf.c         0x00000000   Number         0  printf1.o ABSOLUTE
    ../clib/microlib/printf/printf.c         0x00000000   Number         0  printf3.o ABSOLUTE
    ../clib/microlib/printf/printf.c         0x00000000   Number         0  printf4.o ABSOLUTE
    ../clib/microlib/printf/printf.c         0x00000000   Number         0  printf5.o ABSOLUTE
    ../clib/microlib/printf/printf.c         0x00000000   Number         0  printf6.o ABSOLUTE
    ../clib/microlib/printf/printf.c         0x00000000   Number         0  printfb.o ABSOLUTE
    ../clib/microlib/printf/printf.c         0x00000000   Number         0  printf8.o ABSOLUTE
    ../clib/microlib/printf/printf.c         0x00000000   Number         0  printfa.o ABSOLUTE
    ../clib/microlib/printf/printf.c         0x00000000   Number         0  printf7.o ABSOLUTE
    ../clib/microlib/printf/printf.c         0x00000000   Number         0  printf0.o ABSOLUTE
    ../clib/microlib/printf/printf.c         0x00000000   Number         0  printf2.o ABSOLUTE
    ../clib/microlib/printf/stubs.s          0x00000000   Number         0  stubs.o ABSOLUTE
    ../clib/microlib/stdio/streams.c         0x00000000   Number         0  stdout.o ABSOLUTE
    ../clib/microlib/stubs.s                 0x00000000   Number         0  iusefp.o ABSOLUTE
    ../fplib/microlib/d2f.c                  0x00000000   Number         0  d2f.o ABSOLUTE
    ../fplib/microlib/f2d.c                  0x00000000   Number         0  f2d.o ABSOLUTE
    ../fplib/microlib/fpadd.c                0x00000000   Number         0  fadd.o ABSOLUTE
    ../fplib/microlib/fpadd.c                0x00000000   Number         0  dadd.o ABSOLUTE
    ../fplib/microlib/fpdiv.c                0x00000000   Number         0  ddiv.o ABSOLUTE
    ../fplib/microlib/fpdiv.c                0x00000000   Number         0  fdiv.o ABSOLUTE
    ../fplib/microlib/fpepilogue.c           0x00000000   Number         0  fepilogue.o ABSOLUTE
    ../fplib/microlib/fpepilogue.c           0x00000000   Number         0  depilogue.o ABSOLUTE
    ../fplib/microlib/fpfix.c                0x00000000   Number         0  dfixul.o ABSOLUTE
    ../fplib/microlib/fpfix.c                0x00000000   Number         0  ffixui.o ABSOLUTE
    ../fplib/microlib/fpflt.c                0x00000000   Number         0  dflti.o ABSOLUTE
    ../fplib/microlib/fpflt.c                0x00000000   Number         0  ffltui.o ABSOLUTE
    ../fplib/microlib/fpflt.c                0x00000000   Number         0  fflti.o ABSOLUTE
    ../fplib/microlib/fpmul.c                0x00000000   Number         0  fmul.o ABSOLUTE
    ../fplib/microlib/fpmul.c                0x00000000   Number         0  dmul.o ABSOLUTE
    ../fplib/microlib/fpscalb.c              0x00000000   Number         0  dscalb.o ABSOLUTE
    ../fplib/microlib/fpsqrt.c               0x00000000   Number         0  dsqrt.o ABSOLUTE
    ../mathlib/asin.c                        0x00000000   Number         0  asin.o ABSOLUTE
    ../mathlib/asin.c                        0x00000000   Number         0  asin_x.o ABSOLUTE
    ../mathlib/atan.c                        0x00000000   Number         0  atan_x.o ABSOLUTE
    ../mathlib/atan.c                        0x00000000   Number         0  atan.o ABSOLUTE
    ../mathlib/atan2.c                       0x00000000   Number         0  atan2_x.o ABSOLUTE
    ../mathlib/atan2.c                       0x00000000   Number         0  atan2.o ABSOLUTE
    ../mathlib/dunder.c                      0x00000000   Number         0  dunder.o ABSOLUTE
    ../mathlib/fpclassify.c                  0x00000000   Number         0  fpclassify.o ABSOLUTE
    ../mathlib/poly.c                        0x00000000   Number         0  poly.o ABSOLUTE
    ../mathlib/qnan.c                        0x00000000   Number         0  qnan.o ABSOLUTE
    ../mathlib/sqrt.c                        0x00000000   Number         0  sqrt_x.o ABSOLUTE
    ../mathlib/sqrt.c                        0x00000000   Number         0  sqrt.o ABSOLUTE
    ..\..\STM32F10x_StdPeriph_Lib_V3.5.0\Libraries\STM32F10x_StdPeriph_Driver\src\misc.c 0x00000000   Number         0  misc.o ABSOLUTE
    ..\..\STM32F10x_StdPeriph_Lib_V3.5.0\Libraries\STM32F10x_StdPeriph_Driver\src\stm32f10x_adc.c 0x00000000   Number         0  stm32f10x_adc.o ABSOLUTE
    ..\..\STM32F10x_StdPeriph_Lib_V3.5.0\Libraries\STM32F10x_StdPeriph_Driver\src\stm32f10x_bkp.c 0x00000000   Number         0  stm32f10x_bkp.o ABSOLUTE
    ..\..\STM32F10x_StdPeriph_Lib_V3.5.0\Libraries\STM32F10x_StdPeriph_Driver\src\stm32f10x_can.c 0x00000000   Number         0  stm32f10x_can.o ABSOLUTE
    ..\..\STM32F10x_StdPeriph_Lib_V3.5.0\Libraries\STM32F10x_StdPeriph_Driver\src\stm32f10x_cec.c 0x00000000   Number         0  stm32f10x_cec.o ABSOLUTE
    ..\..\STM32F10x_StdPeriph_Lib_V3.5.0\Libraries\STM32F10x_StdPeriph_Driver\src\stm32f10x_crc.c 0x00000000   Number         0  stm32f10x_crc.o ABSOLUTE
    ..\..\STM32F10x_StdPeriph_Lib_V3.5.0\Libraries\STM32F10x_StdPeriph_Driver\src\stm32f10x_dac.c 0x00000000   Number         0  stm32f10x_dac.o ABSOLUTE
    ..\..\STM32F10x_StdPeriph_Lib_V3.5.0\Libraries\STM32F10x_StdPeriph_Driver\src\stm32f10x_dbgmcu.c 0x00000000   Number         0  stm32f10x_dbgmcu.o ABSOLUTE
    ..\..\STM32F10x_StdPeriph_Lib_V3.5.0\Libraries\STM32F10x_StdPeriph_Driver\src\stm32f10x_dma.c 0x00000000   Number         0  stm32f10x_dma.o ABSOLUTE
    ..\..\STM32F10x_StdPeriph_Lib_V3.5.0\Libraries\STM32F10x_StdPeriph_Driver\src\stm32f10x_exti.c 0x00000000   Number         0  stm32f10x_exti.o ABSOLUTE
    ..\..\STM32F10x_StdPeriph_Lib_V3.5.0\Libraries\STM32F10x_StdPeriph_Driver\src\stm32f10x_flash.c 0x00000000   Number         0  stm32f10x_flash.o ABSOLUTE
    ..\..\STM32F10x_StdPeriph_Lib_V3.5.0\Libraries\STM32F10x_StdPeriph_Driver\src\stm32f10x_fsmc.c 0x00000000   Number         0  stm32f10x_fsmc.o ABSOLUTE
    ..\..\STM32F10x_StdPeriph_Lib_V3.5.0\Libraries\STM32F10x_StdPeriph_Driver\src\stm32f10x_gpio.c 0x00000000   Number         0  stm32f10x_gpio.o ABSOLUTE
    ..\..\STM32F10x_StdPeriph_Lib_V3.5.0\Libraries\STM32F10x_StdPeriph_Driver\src\stm32f10x_i2c.c 0x00000000   Number         0  stm32f10x_i2c.o ABSOLUTE
    ..\..\STM32F10x_StdPeriph_Lib_V3.5.0\Libraries\STM32F10x_StdPeriph_Driver\src\stm32f10x_iwdg.c 0x00000000   Number         0  stm32f10x_iwdg.o ABSOLUTE
    ..\..\STM32F10x_StdPeriph_Lib_V3.5.0\Libraries\STM32F10x_StdPeriph_Driver\src\stm32f10x_pwr.c 0x00000000   Number         0  stm32f10x_pwr.o ABSOLUTE
    ..\..\STM32F10x_StdPeriph_Lib_V3.5.0\Libraries\STM32F10x_StdPeriph_Driver\src\stm32f10x_rcc.c 0x00000000   Number         0  stm32f10x_rcc.o ABSOLUTE
    ..\..\STM32F10x_StdPeriph_Lib_V3.5.0\Libraries\STM32F10x_StdPeriph_Driver\src\stm32f10x_rtc.c 0x00000000   Number         0  stm32f10x_rtc.o ABSOLUTE
    ..\..\STM32F10x_StdPeriph_Lib_V3.5.0\Libraries\STM32F10x_StdPeriph_Driver\src\stm32f10x_sdio.c 0x00000000   Number         0  stm32f10x_sdio.o ABSOLUTE
    ..\..\STM32F10x_StdPeriph_Lib_V3.5.0\Libraries\STM32F10x_StdPeriph_Driver\src\stm32f10x_spi.c 0x00000000   Number         0  stm32f10x_spi.o ABSOLUTE
    ..\..\STM32F10x_StdPeriph_Lib_V3.5.0\Libraries\STM32F10x_StdPeriph_Driver\src\stm32f10x_tim.c 0x00000000   Number         0  stm32f10x_tim.o ABSOLUTE
    ..\..\STM32F10x_StdPeriph_Lib_V3.5.0\Libraries\STM32F10x_StdPeriph_Driver\src\stm32f10x_usart.c 0x00000000   Number         0  stm32f10x_usart.o ABSOLUTE
    ..\..\STM32F10x_StdPeriph_Lib_V3.5.0\Libraries\STM32F10x_StdPeriph_Driver\src\stm32f10x_wwdg.c 0x00000000   Number         0  stm32f10x_wwdg.o ABSOLUTE
    ..\..\wenchao_lib\drive\adc.c            0x00000000   Number         0  adc.o ABSOLUTE
    ..\..\wenchao_lib\drive\complement_filter.c 0x00000000   Number         0  complement_filter.o ABSOLUTE
    ..\..\wenchao_lib\drive\exti.c           0x00000000   Number         0  exti.o ABSOLUTE
    ..\..\wenchao_lib\drive\gpio.c           0x00000000   Number         0  gpio.o ABSOLUTE
    ..\..\wenchao_lib\drive\i2c.c            0x00000000   Number         0  i2c.o ABSOLUTE
    ..\..\wenchao_lib\drive\iic_ssd1306.c    0x00000000   Number         0  iic_ssd1306.o ABSOLUTE
    ..\..\wenchao_lib\drive\iwdg.c           0x00000000   Number         0  iwdg.o ABSOLUTE
    ..\..\wenchao_lib\drive\kalman.c         0x00000000   Number         0  kalman.o ABSOLUTE
    ..\..\wenchao_lib\drive\mpu6050_basic.c  0x00000000   Number         0  mpu6050_basic.o ABSOLUTE
    ..\..\wenchao_lib\drive\my_math.c        0x00000000   Number         0  my_math.o ABSOLUTE
    ..\..\wenchao_lib\drive\nrf2401.c        0x00000000   Number         0  nrf2401.o ABSOLUTE
    ..\..\wenchao_lib\drive\nvic.c           0x00000000   Number         0  nvic.o ABSOLUTE
    ..\..\wenchao_lib\drive\quaternion_fix.c 0x00000000   Number         0  quaternion_fix.o ABSOLUTE
    ..\..\wenchao_lib\drive\spi.c            0x00000000   Number         0  spi.o ABSOLUTE
    ..\..\wenchao_lib\drive\systick.c        0x00000000   Number         0  systick.o ABSOLUTE
    ..\..\wenchao_lib\drive\timer.c          0x00000000   Number         0  timer.o ABSOLUTE
    ..\..\wenchao_lib\drive\uart.c           0x00000000   Number         0  uart.o ABSOLUTE
    ..\\..\\STM32F10x_StdPeriph_Lib_V3.5.0\\Libraries\\STM32F10x_StdPeriph_Driver\\src\\misc.c 0x00000000   Number         0  misc.o ABSOLUTE
    ..\\..\\STM32F10x_StdPeriph_Lib_V3.5.0\\Libraries\\STM32F10x_StdPeriph_Driver\\src\\stm32f10x_adc.c 0x00000000   Number         0  stm32f10x_adc.o ABSOLUTE
    ..\\..\\STM32F10x_StdPeriph_Lib_V3.5.0\\Libraries\\STM32F10x_StdPeriph_Driver\\src\\stm32f10x_bkp.c 0x00000000   Number         0  stm32f10x_bkp.o ABSOLUTE
    ..\\..\\STM32F10x_StdPeriph_Lib_V3.5.0\\Libraries\\STM32F10x_StdPeriph_Driver\\src\\stm32f10x_can.c 0x00000000   Number         0  stm32f10x_can.o ABSOLUTE
    ..\\..\\STM32F10x_StdPeriph_Lib_V3.5.0\\Libraries\\STM32F10x_StdPeriph_Driver\\src\\stm32f10x_cec.c 0x00000000   Number         0  stm32f10x_cec.o ABSOLUTE
    ..\\..\\STM32F10x_StdPeriph_Lib_V3.5.0\\Libraries\\STM32F10x_StdPeriph_Driver\\src\\stm32f10x_crc.c 0x00000000   Number         0  stm32f10x_crc.o ABSOLUTE
    ..\\..\\STM32F10x_StdPeriph_Lib_V3.5.0\\Libraries\\STM32F10x_StdPeriph_Driver\\src\\stm32f10x_dac.c 0x00000000   Number         0  stm32f10x_dac.o ABSOLUTE
    ..\\..\\STM32F10x_StdPeriph_Lib_V3.5.0\\Libraries\\STM32F10x_StdPeriph_Driver\\src\\stm32f10x_dbgmcu.c 0x00000000   Number         0  stm32f10x_dbgmcu.o ABSOLUTE
    ..\\..\\STM32F10x_StdPeriph_Lib_V3.5.0\\Libraries\\STM32F10x_StdPeriph_Driver\\src\\stm32f10x_dma.c 0x00000000   Number         0  stm32f10x_dma.o ABSOLUTE
    ..\\..\\STM32F10x_StdPeriph_Lib_V3.5.0\\Libraries\\STM32F10x_StdPeriph_Driver\\src\\stm32f10x_exti.c 0x00000000   Number         0  stm32f10x_exti.o ABSOLUTE
    ..\\..\\STM32F10x_StdPeriph_Lib_V3.5.0\\Libraries\\STM32F10x_StdPeriph_Driver\\src\\stm32f10x_flash.c 0x00000000   Number         0  stm32f10x_flash.o ABSOLUTE
    ..\\..\\STM32F10x_StdPeriph_Lib_V3.5.0\\Libraries\\STM32F10x_StdPeriph_Driver\\src\\stm32f10x_fsmc.c 0x00000000   Number         0  stm32f10x_fsmc.o ABSOLUTE
    ..\\..\\STM32F10x_StdPeriph_Lib_V3.5.0\\Libraries\\STM32F10x_StdPeriph_Driver\\src\\stm32f10x_gpio.c 0x00000000   Number         0  stm32f10x_gpio.o ABSOLUTE
    ..\\..\\STM32F10x_StdPeriph_Lib_V3.5.0\\Libraries\\STM32F10x_StdPeriph_Driver\\src\\stm32f10x_i2c.c 0x00000000   Number         0  stm32f10x_i2c.o ABSOLUTE
    ..\\..\\STM32F10x_StdPeriph_Lib_V3.5.0\\Libraries\\STM32F10x_StdPeriph_Driver\\src\\stm32f10x_iwdg.c 0x00000000   Number         0  stm32f10x_iwdg.o ABSOLUTE
    ..\\..\\STM32F10x_StdPeriph_Lib_V3.5.0\\Libraries\\STM32F10x_StdPeriph_Driver\\src\\stm32f10x_pwr.c 0x00000000   Number         0  stm32f10x_pwr.o ABSOLUTE
    ..\\..\\STM32F10x_StdPeriph_Lib_V3.5.0\\Libraries\\STM32F10x_StdPeriph_Driver\\src\\stm32f10x_rcc.c 0x00000000   Number         0  stm32f10x_rcc.o ABSOLUTE
    ..\\..\\STM32F10x_StdPeriph_Lib_V3.5.0\\Libraries\\STM32F10x_StdPeriph_Driver\\src\\stm32f10x_rtc.c 0x00000000   Number         0  stm32f10x_rtc.o ABSOLUTE
    ..\\..\\STM32F10x_StdPeriph_Lib_V3.5.0\\Libraries\\STM32F10x_StdPeriph_Driver\\src\\stm32f10x_sdio.c 0x00000000   Number         0  stm32f10x_sdio.o ABSOLUTE
    ..\\..\\STM32F10x_StdPeriph_Lib_V3.5.0\\Libraries\\STM32F10x_StdPeriph_Driver\\src\\stm32f10x_spi.c 0x00000000   Number         0  stm32f10x_spi.o ABSOLUTE
    ..\\..\\STM32F10x_StdPeriph_Lib_V3.5.0\\Libraries\\STM32F10x_StdPeriph_Driver\\src\\stm32f10x_tim.c 0x00000000   Number         0  stm32f10x_tim.o ABSOLUTE
    ..\\..\\STM32F10x_StdPeriph_Lib_V3.5.0\\Libraries\\STM32F10x_StdPeriph_Driver\\src\\stm32f10x_usart.c 0x00000000   Number         0  stm32f10x_usart.o ABSOLUTE
    ..\\..\\STM32F10x_StdPeriph_Lib_V3.5.0\\Libraries\\STM32F10x_StdPeriph_Driver\\src\\stm32f10x_wwdg.c 0x00000000   Number         0  stm32f10x_wwdg.o ABSOLUTE
    ..\\..\\wenchao_lib\\drive\\adc.c        0x00000000   Number         0  adc.o ABSOLUTE
    ..\\..\\wenchao_lib\\drive\\complement_filter.c 0x00000000   Number         0  complement_filter.o ABSOLUTE
    ..\\..\\wenchao_lib\\drive\\exti.c       0x00000000   Number         0  exti.o ABSOLUTE
    ..\\..\\wenchao_lib\\drive\\gpio.c       0x00000000   Number         0  gpio.o ABSOLUTE
    ..\\..\\wenchao_lib\\drive\\i2c.c        0x00000000   Number         0  i2c.o ABSOLUTE
    ..\\..\\wenchao_lib\\drive\\iic_ssd1306.c 0x00000000   Number         0  iic_ssd1306.o ABSOLUTE
    ..\\..\\wenchao_lib\\drive\\iwdg.c       0x00000000   Number         0  iwdg.o ABSOLUTE
    ..\\..\\wenchao_lib\\drive\\kalman.c     0x00000000   Number         0  kalman.o ABSOLUTE
    ..\\..\\wenchao_lib\\drive\\mpu6050_basic.c 0x00000000   Number         0  mpu6050_basic.o ABSOLUTE
    ..\\..\\wenchao_lib\\drive\\my_math.c    0x00000000   Number         0  my_math.o ABSOLUTE
    ..\\..\\wenchao_lib\\drive\\nrf2401.c    0x00000000   Number         0  nrf2401.o ABSOLUTE
    ..\\..\\wenchao_lib\\drive\\nvic.c       0x00000000   Number         0  nvic.o ABSOLUTE
    ..\\..\\wenchao_lib\\drive\\quaternion_fix.c 0x00000000   Number         0  quaternion_fix.o ABSOLUTE
    ..\\..\\wenchao_lib\\drive\\spi.c        0x00000000   Number         0  spi.o ABSOLUTE
    ..\\..\\wenchao_lib\\drive\\systick.c    0x00000000   Number         0  systick.o ABSOLUTE
    ..\\..\\wenchao_lib\\drive\\timer.c      0x00000000   Number         0  timer.o ABSOLUTE
    ..\\..\\wenchao_lib\\drive\\uart.c       0x00000000   Number         0  uart.o ABSOLUTE
    RTE\Device\STM32F103C8\startup_stm32f10x_md.s 0x00000000   Number         0  startup_stm32f10x_md.o ABSOLUTE
    RTE\Device\STM32F103C8\system_stm32f10x.c 0x00000000   Number         0  system_stm32f10x.o ABSOLUTE
    RTE\\Device\\STM32F103C8\\system_stm32f10x.c 0x00000000   Number         0  system_stm32f10x.o ABSOLUTE
    cdcmple.s                                0x00000000   Number         0  cdcmple.o ABSOLUTE
    cdrcmple.s                               0x00000000   Number         0  cdrcmple.o ABSOLUTE
    cfrcmple.s                               0x00000000   Number         0  cfrcmple.o ABSOLUTE
    dc.s                                     0x00000000   Number         0  dc.o ABSOLUTE
    handlers.s                               0x00000000   Number         0  handlers.o ABSOLUTE
    init.s                                   0x00000000   Number         0  init.o ABSOLUTE
    user\\main.c                             0x00000000   Number         0  main.o ABSOLUTE
    user\main.c                              0x00000000   Number         0  main.o ABSOLUTE
    RESET                                    0x08000000   Section      236  startup_stm32f10x_md.o(RESET)
    .ARM.Collect$$$$00000000                 0x080000ec   Section        0  entry.o(.ARM.Collect$$$$00000000)
    .ARM.Collect$$$$00000001                 0x080000ec   Section        4  entry2.o(.ARM.Collect$$$$00000001)
    .ARM.Collect$$$$00000004                 0x080000f0   Section        4  entry5.o(.ARM.Collect$$$$00000004)
    .ARM.Collect$$$$00000008                 0x080000f4   Section        0  entry7b.o(.ARM.Collect$$$$00000008)
    .ARM.Collect$$$$0000000A                 0x080000f4   Section        0  entry8b.o(.ARM.Collect$$$$0000000A)
    .ARM.Collect$$$$0000000B                 0x080000f4   Section        8  entry9a.o(.ARM.Collect$$$$0000000B)
    .ARM.Collect$$$$0000000D                 0x080000fc   Section        0  entry10a.o(.ARM.Collect$$$$0000000D)
    .ARM.Collect$$$$0000000F                 0x080000fc   Section        0  entry11a.o(.ARM.Collect$$$$0000000F)
    .ARM.Collect$$$$00002712                 0x080000fc   Section        4  entry2.o(.ARM.Collect$$$$00002712)
    __lit__00000000                          0x080000fc   Data           4  entry2.o(.ARM.Collect$$$$00002712)
    .text                                    0x08000100   Section        0  main.o(.text)
    .text                                    0x08000200   Section        0  misc.o(.text)
    .text                                    0x080002dc   Section        0  stm32f10x_exti.o(.text)
    .text                                    0x080003f8   Section        0  stm32f10x_gpio.o(.text)
    .text                                    0x08000754   Section        0  stm32f10x_rcc.o(.text)
    .text                                    0x08000af8   Section        0  stm32f10x_tim.o(.text)
    TI4_Config                               0x08000f9f   Thumb Code   130  stm32f10x_tim.o(.text)
    TI3_Config                               0x08001033   Thumb Code   122  stm32f10x_tim.o(.text)
    TI2_Config                               0x080010c7   Thumb Code   130  stm32f10x_tim.o(.text)
    TI1_Config                               0x0800115b   Thumb Code   108  stm32f10x_tim.o(.text)
    .text                                    0x08001914   Section        0  stm32f10x_usart.o(.text)
    .text                                    0x08001d1c   Section        0  gpio.o(.text)
    .text                                    0x08001ed8   Section        0  systick.o(.text)
    .text                                    0x08002058   Section        0  uart.o(.text)
    .text                                    0x080023a0   Section        0  nvic.o(.text)
    .text                                    0x080023ac   Section        0  exti.o(.text)
    .text                                    0x08002708   Section        0  timer.o(.text)
    .text                                    0x08002f94   Section        0  adc.o(.text)
    .text                                    0x080032bc   Section        0  i2c.o(.text)
    .text                                    0x08003548   Section        0  iic_ssd1306.o(.text)
    .text                                    0x08003a64   Section       36  startup_stm32f10x_md.o(.text)
    .text                                    0x08003a88   Section        0  system_stm32f10x.o(.text)
    SetSysClockTo72                          0x08003a89   Thumb Code   214  system_stm32f10x.o(.text)
    SetSysClock                              0x08003b5f   Thumb Code     8  system_stm32f10x.o(.text)
    .text                                    0x08003c68   Section        0  fadd.o(.text)
    .text                                    0x08003d18   Section        0  fmul.o(.text)
    .text                                    0x08003d7c   Section        0  dmul.o(.text)
    .text                                    0x08003e60   Section        0  ddiv.o(.text)
    .text                                    0x08003f3e   Section        0  ffltui.o(.text)
    .text                                    0x08003f48   Section        0  ffixui.o(.text)
    .text                                    0x08003f70   Section        0  f2d.o(.text)
    .text                                    0x08003f96   Section        0  d2f.o(.text)
    .text                                    0x08003fd0   Section       20  cfrcmple.o(.text)
    .text                                    0x08003fe4   Section        0  uidiv.o(.text)
    .text                                    0x08004010   Section        0  uldiv.o(.text)
    .text                                    0x08004072   Section        0  fepilogue.o(.text)
    .text                                    0x08004072   Section        0  iusefp.o(.text)
    .text                                    0x080040e0   Section        0  depilogue.o(.text)
    .text                                    0x08004196   Section        0  dadd.o(.text)
    .text                                    0x080042e4   Section        0  dfixul.o(.text)
    .text                                    0x08004314   Section       40  cdrcmple.o(.text)
    .text                                    0x0800433c   Section       36  init.o(.text)
    .text                                    0x08004360   Section        0  llshl.o(.text)
    .text                                    0x0800437e   Section        0  llushr.o(.text)
    .text                                    0x0800439e   Section        0  llsshr.o(.text)
    .text                                    0x080043c2   Section        0  __dczerorl2.o(.text)
    i.__0printf                              0x08004418   Section        0  printfa.o(i.__0printf)
    i.__scatterload_copy                     0x08004438   Section       14  handlers.o(i.__scatterload_copy)
    i.__scatterload_null                     0x08004446   Section        2  handlers.o(i.__scatterload_null)
    i.__scatterload_zeroinit                 0x08004448   Section       14  handlers.o(i.__scatterload_zeroinit)
    i._fp_digits                             0x08004458   Section        0  printfa.o(i._fp_digits)
    _fp_digits                               0x08004459   Thumb Code   334  printfa.o(i._fp_digits)
    i._printf_core                           0x080045bc   Section        0  printfa.o(i._printf_core)
    _printf_core                             0x080045bd   Thumb Code  1744  printfa.o(i._printf_core)
    i._printf_post_padding                   0x08004c98   Section        0  printfa.o(i._printf_post_padding)
    _printf_post_padding                     0x08004c99   Thumb Code    36  printfa.o(i._printf_post_padding)
    i._printf_pre_padding                    0x08004cbc   Section        0  printfa.o(i._printf_pre_padding)
    _printf_pre_padding                      0x08004cbd   Thumb Code    46  printfa.o(i._printf_pre_padding)
    .constdata                               0x08004cec   Section     2086  iic_ssd1306.o(.constdata)
    .data                                    0x20000000   Section        8  main.o(.data)
    .data                                    0x20000008   Section       20  stm32f10x_rcc.o(.data)
    APBAHBPrescTable                         0x20000008   Data          16  stm32f10x_rcc.o(.data)
    ADCPrescTable                            0x20000018   Data           4  stm32f10x_rcc.o(.data)
    .data                                    0x2000001c   Section        4  systick.o(.data)
    fac_us                                   0x2000001c   Data           1  systick.o(.data)
    fac_ms                                   0x2000001e   Data           2  systick.o(.data)
    .data                                    0x20000020   Section     1216  iic_ssd1306.o(.data)
    .data                                    0x200004e0   Section       20  system_stm32f10x.o(.data)
    .data                                    0x200004f4   Section        4  stdout.o(.data)
    .bss                                     0x200004f8   Section       16  uart.o(.bss)
    UART_CallBackTable                       0x200004f8   Data          16  uart.o(.bss)
    .bss                                     0x20000508   Section       64  exti.o(.bss)
    GPIO_CallBackTable                       0x20000508   Data          64  exti.o(.bss)
    .bss                                     0x20000548   Section       24  timer.o(.bss)
    TIMER_CallBackTable                      0x20000548   Data          24  timer.o(.bss)
    STACK                                    0x20000560   Section     1024  startup_stm32f10x_md.o(STACK)

    Global Symbols

    Symbol Name                              Value     Ov Type        Size  Object(Section)

    BuildAttributes$$THM_ISAv4$P$D$K$B$S$PE$A:L22UL41UL21$X:L11$S22US41US21$IEEE1$IW$USESV6$~STKCKD$USESV7$~SHL$OTIME$ROPI$IEEEX$EBA8$MICROLIB$REQ8$PRES8$EABIv2 0x00000000   Number         0  anon$$obj.o ABSOLUTE
    __ARM_use_no_argv                        0x00000000   Number         0  main.o ABSOLUTE
    _printf_a                                0x00000000   Number         0  stubs.o ABSOLUTE
    _printf_c                                0x00000000   Number         0  stubs.o ABSOLUTE
    _printf_charcount                        0x00000000   Number         0  stubs.o ABSOLUTE
    _printf_d                                0x00000000   Number         0  stubs.o ABSOLUTE
    _printf_e                                0x00000000   Number         0  stubs.o ABSOLUTE
    _printf_f                                0x00000000   Number         0  stubs.o ABSOLUTE
    _printf_flags                            0x00000000   Number         0  stubs.o ABSOLUTE
    _printf_fp_dec                           0x00000000   Number         0  stubs.o ABSOLUTE
    _printf_fp_hex                           0x00000000   Number         0  stubs.o ABSOLUTE
    _printf_g                                0x00000000   Number         0  stubs.o ABSOLUTE
    _printf_i                                0x00000000   Number         0  stubs.o ABSOLUTE
    _printf_int_dec                          0x00000000   Number         0  stubs.o ABSOLUTE
    _printf_l                                0x00000000   Number         0  stubs.o ABSOLUTE
    _printf_lc                               0x00000000   Number         0  stubs.o ABSOLUTE
    _printf_ll                               0x00000000   Number         0  stubs.o ABSOLUTE
    _printf_lld                              0x00000000   Number         0  stubs.o ABSOLUTE
    _printf_lli                              0x00000000   Number         0  stubs.o ABSOLUTE
    _printf_llo                              0x00000000   Number         0  stubs.o ABSOLUTE
    _printf_llu                              0x00000000   Number         0  stubs.o ABSOLUTE
    _printf_llx                              0x00000000   Number         0  stubs.o ABSOLUTE
    _printf_longlong_dec                     0x00000000   Number         0  stubs.o ABSOLUTE
    _printf_longlong_hex                     0x00000000   Number         0  stubs.o ABSOLUTE
    _printf_longlong_oct                     0x00000000   Number         0  stubs.o ABSOLUTE
    _printf_ls                               0x00000000   Number         0  stubs.o ABSOLUTE
    _printf_mbtowc                           0x00000000   Number         0  stubs.o ABSOLUTE
    _printf_n                                0x00000000   Number         0  stubs.o ABSOLUTE
    _printf_o                                0x00000000   Number         0  stubs.o ABSOLUTE
    _printf_p                                0x00000000   Number         0  stubs.o ABSOLUTE
    _printf_percent                          0x00000000   Number         0  stubs.o ABSOLUTE
    _printf_pre_padding                      0x00000000   Number         0  stubs.o ABSOLUTE
    _printf_return_value                     0x00000000   Number         0  stubs.o ABSOLUTE
    _printf_s                                0x00000000   Number         0  stubs.o ABSOLUTE
    _printf_sizespec                         0x00000000   Number         0  stubs.o ABSOLUTE
    _printf_str                              0x00000000   Number         0  stubs.o ABSOLUTE
    _printf_truncate_signed                  0x00000000   Number         0  stubs.o ABSOLUTE
    _printf_truncate_unsigned                0x00000000   Number         0  stubs.o ABSOLUTE
    _printf_u                                0x00000000   Number         0  stubs.o ABSOLUTE
    _printf_wc                               0x00000000   Number         0  stubs.o ABSOLUTE
    _printf_wctomb                           0x00000000   Number         0  stubs.o ABSOLUTE
    _printf_widthprec                        0x00000000   Number         0  stubs.o ABSOLUTE
    _printf_x                                0x00000000   Number         0  stubs.o ABSOLUTE
    __cpp_initialize__aeabi_                  - Undefined Weak Reference
    __cxa_finalize                            - Undefined Weak Reference
    _clock_init                               - Undefined Weak Reference
    _microlib_exit                            - Undefined Weak Reference
    __Vectors_Size                           0x000000ec   Number         0  startup_stm32f10x_md.o ABSOLUTE
    __Vectors                                0x08000000   Data           4  startup_stm32f10x_md.o(RESET)
    __Vectors_End                            0x080000ec   Data           0  startup_stm32f10x_md.o(RESET)
    __main                                   0x080000ed   Thumb Code     0  entry.o(.ARM.Collect$$$$00000000)
    _main_stk                                0x080000ed   Thumb Code     0  entry2.o(.ARM.Collect$$$$00000001)
    _main_scatterload                        0x080000f1   Thumb Code     0  entry5.o(.ARM.Collect$$$$00000004)
    __main_after_scatterload                 0x080000f5   Thumb Code     0  entry5.o(.ARM.Collect$$$$00000004)
    _main_clock                              0x080000f5   Thumb Code     0  entry7b.o(.ARM.Collect$$$$00000008)
    _main_cpp_init                           0x080000f5   Thumb Code     0  entry8b.o(.ARM.Collect$$$$0000000A)
    _main_init                               0x080000f5   Thumb Code     0  entry9a.o(.ARM.Collect$$$$0000000B)
    __rt_final_cpp                           0x080000fd   Thumb Code     0  entry10a.o(.ARM.Collect$$$$0000000D)
    __rt_final_exit                          0x080000fd   Thumb Code     0  entry11a.o(.ARM.Collect$$$$0000000F)
    main                                     0x08000101   Thumb Code   196  main.o(.text)
    NVIC_PriorityGroupConfig                 0x08000201   Thumb Code    10  misc.o(.text)
    NVIC_Init                                0x0800020b   Thumb Code   100  misc.o(.text)
    NVIC_SetVectorTable                      0x0800026f   Thumb Code    14  misc.o(.text)
    NVIC_SystemLPConfig                      0x0800027d   Thumb Code    34  misc.o(.text)
    SysTick_CLKSourceConfig                  0x0800029f   Thumb Code    40  misc.o(.text)
    EXTI_DeInit                              0x080002dd   Thumb Code    28  stm32f10x_exti.o(.text)
    EXTI_Init                                0x080002f9   Thumb Code   142  stm32f10x_exti.o(.text)
    EXTI_StructInit                          0x08000387   Thumb Code    16  stm32f10x_exti.o(.text)
    EXTI_GenerateSWInterrupt                 0x08000397   Thumb Code    16  stm32f10x_exti.o(.text)
    EXTI_GetFlagStatus                       0x080003a7   Thumb Code    22  stm32f10x_exti.o(.text)
    EXTI_ClearFlag                           0x080003bd   Thumb Code     8  stm32f10x_exti.o(.text)
    EXTI_GetITStatus                         0x080003c5   Thumb Code    34  stm32f10x_exti.o(.text)
    EXTI_ClearITPendingBit                   0x080003e7   Thumb Code     8  stm32f10x_exti.o(.text)
    GPIO_DeInit                              0x080003f9   Thumb Code   172  stm32f10x_gpio.o(.text)
    GPIO_AFIODeInit                          0x080004a5   Thumb Code    20  stm32f10x_gpio.o(.text)
    GPIO_Init                                0x080004b9   Thumb Code   278  stm32f10x_gpio.o(.text)
    GPIO_StructInit                          0x080005cf   Thumb Code    16  stm32f10x_gpio.o(.text)
    GPIO_ReadInputDataBit                    0x080005df   Thumb Code    18  stm32f10x_gpio.o(.text)
    GPIO_ReadInputData                       0x080005f1   Thumb Code     8  stm32f10x_gpio.o(.text)
    GPIO_ReadOutputDataBit                   0x080005f9   Thumb Code    18  stm32f10x_gpio.o(.text)
    GPIO_ReadOutputData                      0x0800060b   Thumb Code     8  stm32f10x_gpio.o(.text)
    GPIO_SetBits                             0x08000613   Thumb Code     4  stm32f10x_gpio.o(.text)
    GPIO_ResetBits                           0x08000617   Thumb Code     4  stm32f10x_gpio.o(.text)
    GPIO_WriteBit                            0x0800061b   Thumb Code    10  stm32f10x_gpio.o(.text)
    GPIO_Write                               0x08000625   Thumb Code     4  stm32f10x_gpio.o(.text)
    GPIO_PinLockConfig                       0x08000629   Thumb Code    18  stm32f10x_gpio.o(.text)
    GPIO_EventOutputConfig                   0x0800063b   Thumb Code    26  stm32f10x_gpio.o(.text)
    GPIO_EventOutputCmd                      0x08000655   Thumb Code     6  stm32f10x_gpio.o(.text)
    GPIO_PinRemapConfig                      0x0800065b   Thumb Code   138  stm32f10x_gpio.o(.text)
    GPIO_EXTILineConfig                      0x080006e5   Thumb Code    66  stm32f10x_gpio.o(.text)
    GPIO_ETH_MediaInterfaceConfig            0x08000727   Thumb Code     8  stm32f10x_gpio.o(.text)
    RCC_DeInit                               0x08000755   Thumb Code    64  stm32f10x_rcc.o(.text)
    RCC_HSEConfig                            0x08000795   Thumb Code    70  stm32f10x_rcc.o(.text)
    RCC_GetFlagStatus                        0x080007db   Thumb Code    56  stm32f10x_rcc.o(.text)
    RCC_WaitForHSEStartUp                    0x08000813   Thumb Code    56  stm32f10x_rcc.o(.text)
    RCC_AdjustHSICalibrationValue            0x0800084b   Thumb Code    20  stm32f10x_rcc.o(.text)
    RCC_HSICmd                               0x0800085f   Thumb Code     6  stm32f10x_rcc.o(.text)
    RCC_PLLConfig                            0x08000865   Thumb Code    24  stm32f10x_rcc.o(.text)
    RCC_PLLCmd                               0x0800087d   Thumb Code     6  stm32f10x_rcc.o(.text)
    RCC_SYSCLKConfig                         0x08000883   Thumb Code    18  stm32f10x_rcc.o(.text)
    RCC_GetSYSCLKSource                      0x08000895   Thumb Code    10  stm32f10x_rcc.o(.text)
    RCC_HCLKConfig                           0x0800089f   Thumb Code    18  stm32f10x_rcc.o(.text)
    RCC_PCLK1Config                          0x080008b1   Thumb Code    18  stm32f10x_rcc.o(.text)
    RCC_PCLK2Config                          0x080008c3   Thumb Code    20  stm32f10x_rcc.o(.text)
    RCC_ITConfig                             0x080008d7   Thumb Code    26  stm32f10x_rcc.o(.text)
    RCC_USBCLKConfig                         0x080008f1   Thumb Code     8  stm32f10x_rcc.o(.text)
    RCC_ADCCLKConfig                         0x080008f9   Thumb Code    18  stm32f10x_rcc.o(.text)
    RCC_LSEConfig                            0x0800090b   Thumb Code    50  stm32f10x_rcc.o(.text)
    RCC_LSICmd                               0x0800093d   Thumb Code     6  stm32f10x_rcc.o(.text)
    RCC_RTCCLKConfig                         0x08000943   Thumb Code    12  stm32f10x_rcc.o(.text)
    RCC_RTCCLKCmd                            0x0800094f   Thumb Code     8  stm32f10x_rcc.o(.text)
    RCC_GetClocksFreq                        0x08000957   Thumb Code   192  stm32f10x_rcc.o(.text)
    RCC_AHBPeriphClockCmd                    0x08000a17   Thumb Code    26  stm32f10x_rcc.o(.text)
    RCC_APB2PeriphClockCmd                   0x08000a31   Thumb Code    26  stm32f10x_rcc.o(.text)
    RCC_APB1PeriphClockCmd                   0x08000a4b   Thumb Code    26  stm32f10x_rcc.o(.text)
    RCC_APB2PeriphResetCmd                   0x08000a65   Thumb Code    26  stm32f10x_rcc.o(.text)
    RCC_APB1PeriphResetCmd                   0x08000a7f   Thumb Code    26  stm32f10x_rcc.o(.text)
    RCC_BackupResetCmd                       0x08000a99   Thumb Code     8  stm32f10x_rcc.o(.text)
    RCC_ClockSecuritySystemCmd               0x08000aa1   Thumb Code     6  stm32f10x_rcc.o(.text)
    RCC_MCOConfig                            0x08000aa7   Thumb Code     6  stm32f10x_rcc.o(.text)
    RCC_ClearFlag                            0x08000aad   Thumb Code    14  stm32f10x_rcc.o(.text)
    RCC_GetITStatus                          0x08000abb   Thumb Code    20  stm32f10x_rcc.o(.text)
    RCC_ClearITPendingBit                    0x08000acf   Thumb Code     6  stm32f10x_rcc.o(.text)
    TIM_DeInit                               0x08000af9   Thumb Code   424  stm32f10x_tim.o(.text)
    TIM_TimeBaseInit                         0x08000ca1   Thumb Code   122  stm32f10x_tim.o(.text)
    TIM_OC1Init                              0x08000d1b   Thumb Code   132  stm32f10x_tim.o(.text)
    TIM_OC2Init                              0x08000d9f   Thumb Code   154  stm32f10x_tim.o(.text)
    TIM_OC3Init                              0x08000e39   Thumb Code   150  stm32f10x_tim.o(.text)
    TIM_OC4Init                              0x08000ecf   Thumb Code   182  stm32f10x_tim.o(.text)
    TIM_SetIC4Prescaler                      0x08000f85   Thumb Code    26  stm32f10x_tim.o(.text)
    TIM_SetIC3Prescaler                      0x08001021   Thumb Code    18  stm32f10x_tim.o(.text)
    TIM_SetIC2Prescaler                      0x080010ad   Thumb Code    26  stm32f10x_tim.o(.text)
    TIM_SetIC1Prescaler                      0x08001149   Thumb Code    18  stm32f10x_tim.o(.text)
    TIM_ICInit                               0x080011c7   Thumb Code   150  stm32f10x_tim.o(.text)
    TIM_PWMIConfig                           0x0800125d   Thumb Code   124  stm32f10x_tim.o(.text)
    TIM_BDTRConfig                           0x080012d9   Thumb Code    32  stm32f10x_tim.o(.text)
    TIM_TimeBaseStructInit                   0x080012f9   Thumb Code    18  stm32f10x_tim.o(.text)
    TIM_OCStructInit                         0x0800130b   Thumb Code    20  stm32f10x_tim.o(.text)
    TIM_ICStructInit                         0x0800131f   Thumb Code    18  stm32f10x_tim.o(.text)
    TIM_BDTRStructInit                       0x08001331   Thumb Code    40  stm32f10x_tim.o(.text)
    TIM_Cmd                                  0x08001359   Thumb Code    24  stm32f10x_tim.o(.text)
    TIM_CtrlPWMOutputs                       0x08001371   Thumb Code    30  stm32f10x_tim.o(.text)
    TIM_ITConfig                             0x0800138f   Thumb Code    18  stm32f10x_tim.o(.text)
    TIM_GenerateEvent                        0x080013a1   Thumb Code     4  stm32f10x_tim.o(.text)
    TIM_DMAConfig                            0x080013a5   Thumb Code    10  stm32f10x_tim.o(.text)
    TIM_DMACmd                               0x080013af   Thumb Code    18  stm32f10x_tim.o(.text)
    TIM_InternalClockConfig                  0x080013c1   Thumb Code    12  stm32f10x_tim.o(.text)
    TIM_SelectInputTrigger                   0x080013cd   Thumb Code    18  stm32f10x_tim.o(.text)
    TIM_ITRxExternalClockConfig              0x080013df   Thumb Code    24  stm32f10x_tim.o(.text)
    TIM_TIxExternalClockConfig               0x080013f7   Thumb Code    62  stm32f10x_tim.o(.text)
    TIM_ETRConfig                            0x08001435   Thumb Code    28  stm32f10x_tim.o(.text)
    TIM_ETRClockMode1Config                  0x08001451   Thumb Code    54  stm32f10x_tim.o(.text)
    TIM_ETRClockMode2Config                  0x08001487   Thumb Code    32  stm32f10x_tim.o(.text)
    TIM_PrescalerConfig                      0x080014a7   Thumb Code     6  stm32f10x_tim.o(.text)
    TIM_CounterModeConfig                    0x080014ad   Thumb Code    18  stm32f10x_tim.o(.text)
    TIM_EncoderInterfaceConfig               0x080014bf   Thumb Code    66  stm32f10x_tim.o(.text)
    TIM_ForcedOC1Config                      0x08001501   Thumb Code    18  stm32f10x_tim.o(.text)
    TIM_ForcedOC2Config                      0x08001513   Thumb Code    26  stm32f10x_tim.o(.text)
    TIM_ForcedOC3Config                      0x0800152d   Thumb Code    18  stm32f10x_tim.o(.text)
    TIM_ForcedOC4Config                      0x0800153f   Thumb Code    26  stm32f10x_tim.o(.text)
    TIM_ARRPreloadConfig                     0x08001559   Thumb Code    24  stm32f10x_tim.o(.text)
    TIM_SelectCOM                            0x08001571   Thumb Code    24  stm32f10x_tim.o(.text)
    TIM_SelectCCDMA                          0x08001589   Thumb Code    24  stm32f10x_tim.o(.text)
    TIM_CCPreloadControl                     0x080015a1   Thumb Code    24  stm32f10x_tim.o(.text)
    TIM_OC1PreloadConfig                     0x080015b9   Thumb Code    18  stm32f10x_tim.o(.text)
    TIM_OC2PreloadConfig                     0x080015cb   Thumb Code    26  stm32f10x_tim.o(.text)
    TIM_OC3PreloadConfig                     0x080015e5   Thumb Code    18  stm32f10x_tim.o(.text)
    TIM_OC4PreloadConfig                     0x080015f7   Thumb Code    26  stm32f10x_tim.o(.text)
    TIM_OC1FastConfig                        0x08001611   Thumb Code    18  stm32f10x_tim.o(.text)
    TIM_OC2FastConfig                        0x08001623   Thumb Code    26  stm32f10x_tim.o(.text)
    TIM_OC3FastConfig                        0x0800163d   Thumb Code    18  stm32f10x_tim.o(.text)
    TIM_OC4FastConfig                        0x0800164f   Thumb Code    26  stm32f10x_tim.o(.text)
    TIM_ClearOC1Ref                          0x08001669   Thumb Code    18  stm32f10x_tim.o(.text)
    TIM_ClearOC2Ref                          0x0800167b   Thumb Code    24  stm32f10x_tim.o(.text)
    TIM_ClearOC3Ref                          0x08001693   Thumb Code    18  stm32f10x_tim.o(.text)
    TIM_ClearOC4Ref                          0x080016a5   Thumb Code    24  stm32f10x_tim.o(.text)
    TIM_OC1PolarityConfig                    0x080016bd   Thumb Code    18  stm32f10x_tim.o(.text)
    TIM_OC1NPolarityConfig                   0x080016cf   Thumb Code    18  stm32f10x_tim.o(.text)
    TIM_OC2PolarityConfig                    0x080016e1   Thumb Code    26  stm32f10x_tim.o(.text)
    TIM_OC2NPolarityConfig                   0x080016fb   Thumb Code    26  stm32f10x_tim.o(.text)
    TIM_OC3PolarityConfig                    0x08001715   Thumb Code    26  stm32f10x_tim.o(.text)
    TIM_OC3NPolarityConfig                   0x0800172f   Thumb Code    26  stm32f10x_tim.o(.text)
    TIM_OC4PolarityConfig                    0x08001749   Thumb Code    26  stm32f10x_tim.o(.text)
    TIM_CCxCmd                               0x08001763   Thumb Code    30  stm32f10x_tim.o(.text)
    TIM_CCxNCmd                              0x08001781   Thumb Code    30  stm32f10x_tim.o(.text)
    TIM_SelectOCxM                           0x0800179f   Thumb Code    82  stm32f10x_tim.o(.text)
    TIM_UpdateDisableConfig                  0x080017f1   Thumb Code    24  stm32f10x_tim.o(.text)
    TIM_UpdateRequestConfig                  0x08001809   Thumb Code    24  stm32f10x_tim.o(.text)
    TIM_SelectHallSensor                     0x08001821   Thumb Code    24  stm32f10x_tim.o(.text)
    TIM_SelectOnePulseMode                   0x08001839   Thumb Code    18  stm32f10x_tim.o(.text)
    TIM_SelectOutputTrigger                  0x0800184b   Thumb Code    18  stm32f10x_tim.o(.text)
    TIM_SelectSlaveMode                      0x0800185d   Thumb Code    18  stm32f10x_tim.o(.text)
    TIM_SelectMasterSlaveMode                0x0800186f   Thumb Code    18  stm32f10x_tim.o(.text)
    TIM_SetCounter                           0x08001881   Thumb Code     4  stm32f10x_tim.o(.text)
    TIM_SetAutoreload                        0x08001885   Thumb Code     4  stm32f10x_tim.o(.text)
    TIM_SetCompare1                          0x08001889   Thumb Code     4  stm32f10x_tim.o(.text)
    TIM_SetCompare2                          0x0800188d   Thumb Code     4  stm32f10x_tim.o(.text)
    TIM_SetCompare3                          0x08001891   Thumb Code     4  stm32f10x_tim.o(.text)
    TIM_SetCompare4                          0x08001895   Thumb Code     6  stm32f10x_tim.o(.text)
    TIM_SetClockDivision                     0x0800189b   Thumb Code    18  stm32f10x_tim.o(.text)
    TIM_GetCapture1                          0x080018ad   Thumb Code     6  stm32f10x_tim.o(.text)
    TIM_GetCapture2                          0x080018b3   Thumb Code     6  stm32f10x_tim.o(.text)
    TIM_GetCapture3                          0x080018b9   Thumb Code     6  stm32f10x_tim.o(.text)
    TIM_GetCapture4                          0x080018bf   Thumb Code     8  stm32f10x_tim.o(.text)
    TIM_GetCounter                           0x080018c7   Thumb Code     6  stm32f10x_tim.o(.text)
    TIM_GetPrescaler                         0x080018cd   Thumb Code     6  stm32f10x_tim.o(.text)
    TIM_GetFlagStatus                        0x080018d3   Thumb Code    18  stm32f10x_tim.o(.text)
    TIM_ClearFlag                            0x080018e5   Thumb Code     6  stm32f10x_tim.o(.text)
    TIM_GetITStatus                          0x080018eb   Thumb Code    34  stm32f10x_tim.o(.text)
    TIM_ClearITPendingBit                    0x0800190d   Thumb Code     6  stm32f10x_tim.o(.text)
    USART_DeInit                             0x08001915   Thumb Code   134  stm32f10x_usart.o(.text)
    USART_Init                               0x0800199b   Thumb Code   210  stm32f10x_usart.o(.text)
    USART_StructInit                         0x08001a6d   Thumb Code    24  stm32f10x_usart.o(.text)
    USART_ClockInit                          0x08001a85   Thumb Code    34  stm32f10x_usart.o(.text)
    USART_ClockStructInit                    0x08001aa7   Thumb Code    12  stm32f10x_usart.o(.text)
    USART_Cmd                                0x08001ab3   Thumb Code    24  stm32f10x_usart.o(.text)
    USART_ITConfig                           0x08001acb   Thumb Code    74  stm32f10x_usart.o(.text)
    USART_DMACmd                             0x08001b15   Thumb Code    18  stm32f10x_usart.o(.text)
    USART_SetAddress                         0x08001b27   Thumb Code    18  stm32f10x_usart.o(.text)
    USART_WakeUpConfig                       0x08001b39   Thumb Code    18  stm32f10x_usart.o(.text)
    USART_ReceiverWakeUpCmd                  0x08001b4b   Thumb Code    24  stm32f10x_usart.o(.text)
    USART_LINBreakDetectLengthConfig         0x08001b63   Thumb Code    18  stm32f10x_usart.o(.text)
    USART_LINCmd                             0x08001b75   Thumb Code    24  stm32f10x_usart.o(.text)
    USART_SendData                           0x08001b8d   Thumb Code     8  stm32f10x_usart.o(.text)
    USART_ReceiveData                        0x08001b95   Thumb Code    10  stm32f10x_usart.o(.text)
    USART_SendBreak                          0x08001b9f   Thumb Code    10  stm32f10x_usart.o(.text)
    USART_SetGuardTime                       0x08001ba9   Thumb Code    16  stm32f10x_usart.o(.text)
    USART_SetPrescaler                       0x08001bb9   Thumb Code    16  stm32f10x_usart.o(.text)
    USART_SmartCardCmd                       0x08001bc9   Thumb Code    24  stm32f10x_usart.o(.text)
    USART_SmartCardNACKCmd                   0x08001be1   Thumb Code    24  stm32f10x_usart.o(.text)
    USART_HalfDuplexCmd                      0x08001bf9   Thumb Code    24  stm32f10x_usart.o(.text)
    USART_OverSampling8Cmd                   0x08001c11   Thumb Code    22  stm32f10x_usart.o(.text)
    USART_OneBitMethodCmd                    0x08001c27   Thumb Code    24  stm32f10x_usart.o(.text)
    USART_IrDAConfig                         0x08001c3f   Thumb Code    18  stm32f10x_usart.o(.text)
    USART_IrDACmd                            0x08001c51   Thumb Code    24  stm32f10x_usart.o(.text)
    USART_GetFlagStatus                      0x08001c69   Thumb Code    26  stm32f10x_usart.o(.text)
    USART_ClearFlag                          0x08001c83   Thumb Code    18  stm32f10x_usart.o(.text)
    USART_GetITStatus                        0x08001c95   Thumb Code    84  stm32f10x_usart.o(.text)
    USART_ClearITPendingBit                  0x08001ce9   Thumb Code    52  stm32f10x_usart.o(.text)
    GPIO_QuickInit                           0x08001d1d   Thumb Code   202  gpio.o(.text)
    GPIO_Writebit                            0x08001de7   Thumb Code   106  gpio.o(.text)
    GPIO_ReadBit                             0x08001e51   Thumb Code   114  gpio.o(.text)
    SYSTICK_Init                             0x08001ed9   Thumb Code    80  systick.o(.text)
    SYSTICK_ITConfig                         0x08001f29   Thumb Code    40  systick.o(.text)
    SYSTICK_Cmd                              0x08001f51   Thumb Code    40  systick.o(.text)
    SYSTICK_DelayInit                        0x08001f79   Thumb Code    62  systick.o(.text)
    SYSTICK_DelayUs                          0x08001fb7   Thumb Code    72  systick.o(.text)
    SYSTICK_DelayMs                          0x08001fff   Thumb Code    66  systick.o(.text)
    SYSTICK_GetVal                           0x08002041   Thumb Code     8  systick.o(.text)
    fputc                                    0x08002059   Thumb Code    32  uart.o(.text)
    GetKey                                   0x08002079   Thumb Code    26  uart.o(.text)
    UART_QuickInit                           0x08002093   Thumb Code   496  uart.o(.text)
    UART_ReadByte                            0x08002283   Thumb Code    68  uart.o(.text)
    UART_WriteByte                           0x080022c7   Thumb Code    54  uart.o(.text)
    UART_CallbackInstall                     0x080022fd   Thumb Code    10  uart.o(.text)
    USART1_IRQHandler                        0x08002307   Thumb Code    40  uart.o(.text)
    USART2_IRQHandler                        0x0800232f   Thumb Code    40  uart.o(.text)
    USART3_IRQHandler                        0x08002357   Thumb Code    40  uart.o(.text)
    NVIC_init                                0x080023a1   Thumb Code    12  nvic.o(.text)
    EXTI_QuickInit                           0x080023ad   Thumb Code   200  exti.o(.text)
    EXTI_IRQcmd                              0x08002475   Thumb Code   118  exti.o(.text)
    EXTI_CallbackInstall                     0x080024eb   Thumb Code    10  exti.o(.text)
    EXTI0_IRQHandler                         0x080024f5   Thumb Code    32  exti.o(.text)
    EXTI1_IRQHandler                         0x08002515   Thumb Code    32  exti.o(.text)
    EXTI2_IRQHandler                         0x08002535   Thumb Code    32  exti.o(.text)
    EXTI3_IRQHandler                         0x08002555   Thumb Code    32  exti.o(.text)
    EXTI4_IRQHandler                         0x08002575   Thumb Code    32  exti.o(.text)
    EXTI9_5_IRQHandler                       0x08002595   Thumb Code   160  exti.o(.text)
    EXTI15_10_IRQHandler                     0x08002635   Thumb Code   206  exti.o(.text)
    TIM_us_Init                              0x08002709   Thumb Code   216  timer.o(.text)
    TIM_ms_Init                              0x080027e1   Thumb Code   230  timer.o(.text)
    TIM_ITconfig                             0x080028c7   Thumb Code    82  timer.o(.text)
    TIM_OCInit                               0x08002919   Thumb Code   120  timer.o(.text)
    TIM_tim_Init                             0x08002991   Thumb Code   168  timer.o(.text)
    GPIO_PWM_Init                            0x08002a39   Thumb Code   240  timer.o(.text)
    TIM_PWM_Init                             0x08002b29   Thumb Code   132  timer.o(.text)
    TIM_SetCompare                           0x08002bad   Thumb Code   104  timer.o(.text)
    TIM_Ctim_Init                            0x08002c15   Thumb Code   142  timer.o(.text)
    GPIO_Cap_Init                            0x08002ca3   Thumb Code   452  timer.o(.text)
    TIM_Cap_Init                             0x08002e67   Thumb Code   174  timer.o(.text)
    TIMER_CallbackInstall                    0x08002f15   Thumb Code    10  timer.o(.text)
    TIM_cmd                                  0x08002f1f   Thumb Code    16  timer.o(.text)
    TIM2_IRQHandler                          0x08002f2f   Thumb Code    28  timer.o(.text)
    TIM3_IRQHandler                          0x08002f4b   Thumb Code    26  timer.o(.text)
    TIM4_IRQHandler                          0x08002f65   Thumb Code    26  timer.o(.text)
    ADC_init                                 0x08002f95   Thumb Code   678  adc.o(.text)
    Get_Adc                                  0x0800323b   Thumb Code    68  adc.o(.text)
    Get_Adc_Average                          0x0800327f   Thumb Code    36  adc.o(.text)
    IIC_Init                                 0x080032bd   Thumb Code    50  i2c.o(.text)
    IIC_Start                                0x080032ef   Thumb Code    68  i2c.o(.text)
    IIC_Stop                                 0x08003333   Thumb Code    70  i2c.o(.text)
    IIC_Wait_Ack                             0x08003379   Thumb Code    90  i2c.o(.text)
    IIC_Ack                                  0x080033d3   Thumb Code    74  i2c.o(.text)
    IIC_NAck                                 0x0800341d   Thumb Code    74  i2c.o(.text)
    IIC_Send_Byte                            0x08003467   Thumb Code   108  i2c.o(.text)
    IIC_Read_Byte                            0x080034d3   Thumb Code   104  i2c.o(.text)
    OLED_WrDat                               0x08003549   Thumb Code    44  iic_ssd1306.o(.text)
    OLED_WrCmd                               0x08003575   Thumb Code    44  iic_ssd1306.o(.text)
    OLED_Set_Pos                             0x080035a1   Thumb Code    40  iic_ssd1306.o(.text)
    OLED_Fill                                0x080035c9   Thumb Code    58  iic_ssd1306.o(.text)
    OLED_CLS                                 0x08003603   Thumb Code    56  iic_ssd1306.o(.text)
    OLED_Init                                0x0800363b   Thumb Code   180  iic_ssd1306.o(.text)
    OLED_P6x8Str                             0x080036ef   Thumb Code    96  iic_ssd1306.o(.text)
    OLED_P8x16Str                            0x0800374f   Thumb Code   130  iic_ssd1306.o(.text)
    OLED_P16x16Ch                            0x080037d1   Thumb Code    80  iic_ssd1306.o(.text)
    Draw_BMP                                 0x08003821   Thumb Code   116  iic_ssd1306.o(.text)
    OLED_ON                                  0x08003895   Thumb Code    22  iic_ssd1306.o(.text)
    OLED_OFF                                 0x080038ab   Thumb Code    22  iic_ssd1306.o(.text)
    OLED_P6x8Str_Num                         0x080038c1   Thumb Code   390  iic_ssd1306.o(.text)
    Reset_Handler                            0x08003a65   Thumb Code     8  startup_stm32f10x_md.o(.text)
    NMI_Handler                              0x08003a6d   Thumb Code     2  startup_stm32f10x_md.o(.text)
    HardFault_Handler                        0x08003a6f   Thumb Code     2  startup_stm32f10x_md.o(.text)
    MemManage_Handler                        0x08003a71   Thumb Code     2  startup_stm32f10x_md.o(.text)
    BusFault_Handler                         0x08003a73   Thumb Code     2  startup_stm32f10x_md.o(.text)
    UsageFault_Handler                       0x08003a75   Thumb Code     2  startup_stm32f10x_md.o(.text)
    SVC_Handler                              0x08003a77   Thumb Code     2  startup_stm32f10x_md.o(.text)
    DebugMon_Handler                         0x08003a79   Thumb Code     2  startup_stm32f10x_md.o(.text)
    PendSV_Handler                           0x08003a7b   Thumb Code     2  startup_stm32f10x_md.o(.text)
    SysTick_Handler                          0x08003a7d   Thumb Code     2  startup_stm32f10x_md.o(.text)
    ADC1_2_IRQHandler                        0x08003a7f   Thumb Code     0  startup_stm32f10x_md.o(.text)
    CAN1_RX1_IRQHandler                      0x08003a7f   Thumb Code     0  startup_stm32f10x_md.o(.text)
    CAN1_SCE_IRQHandler                      0x08003a7f   Thumb Code     0  startup_stm32f10x_md.o(.text)
    DMA1_Channel1_IRQHandler                 0x08003a7f   Thumb Code     0  startup_stm32f10x_md.o(.text)
    DMA1_Channel2_IRQHandler                 0x08003a7f   Thumb Code     0  startup_stm32f10x_md.o(.text)
    DMA1_Channel3_IRQHandler                 0x08003a7f   Thumb Code     0  startup_stm32f10x_md.o(.text)
    DMA1_Channel4_IRQHandler                 0x08003a7f   Thumb Code     0  startup_stm32f10x_md.o(.text)
    DMA1_Channel5_IRQHandler                 0x08003a7f   Thumb Code     0  startup_stm32f10x_md.o(.text)
    DMA1_Channel6_IRQHandler                 0x08003a7f   Thumb Code     0  startup_stm32f10x_md.o(.text)
    DMA1_Channel7_IRQHandler                 0x08003a7f   Thumb Code     0  startup_stm32f10x_md.o(.text)
    FLASH_IRQHandler                         0x08003a7f   Thumb Code     0  startup_stm32f10x_md.o(.text)
    I2C1_ER_IRQHandler                       0x08003a7f   Thumb Code     0  startup_stm32f10x_md.o(.text)
    I2C1_EV_IRQHandler                       0x08003a7f   Thumb Code     0  startup_stm32f10x_md.o(.text)
    I2C2_ER_IRQHandler                       0x08003a7f   Thumb Code     0  startup_stm32f10x_md.o(.text)
    I2C2_EV_IRQHandler                       0x08003a7f   Thumb Code     0  startup_stm32f10x_md.o(.text)
    PVD_IRQHandler                           0x08003a7f   Thumb Code     0  startup_stm32f10x_md.o(.text)
    RCC_IRQHandler                           0x08003a7f   Thumb Code     0  startup_stm32f10x_md.o(.text)
    RTCAlarm_IRQHandler                      0x08003a7f   Thumb Code     0  startup_stm32f10x_md.o(.text)
    RTC_IRQHandler                           0x08003a7f   Thumb Code     0  startup_stm32f10x_md.o(.text)
    SPI1_IRQHandler                          0x08003a7f   Thumb Code     0  startup_stm32f10x_md.o(.text)
    SPI2_IRQHandler                          0x08003a7f   Thumb Code     0  startup_stm32f10x_md.o(.text)
    TAMPER_IRQHandler                        0x08003a7f   Thumb Code     0  startup_stm32f10x_md.o(.text)
    TIM1_BRK_IRQHandler                      0x08003a7f   Thumb Code     0  startup_stm32f10x_md.o(.text)
    TIM1_CC_IRQHandler                       0x08003a7f   Thumb Code     0  startup_stm32f10x_md.o(.text)
    TIM1_TRG_COM_IRQHandler                  0x08003a7f   Thumb Code     0  startup_stm32f10x_md.o(.text)
    TIM1_UP_IRQHandler                       0x08003a7f   Thumb Code     0  startup_stm32f10x_md.o(.text)
    USBWakeUp_IRQHandler                     0x08003a7f   Thumb Code     0  startup_stm32f10x_md.o(.text)
    USB_HP_CAN1_TX_IRQHandler                0x08003a7f   Thumb Code     0  startup_stm32f10x_md.o(.text)
    USB_LP_CAN1_RX0_IRQHandler               0x08003a7f   Thumb Code     0  startup_stm32f10x_md.o(.text)
    WWDG_IRQHandler                          0x08003a7f   Thumb Code     0  startup_stm32f10x_md.o(.text)
    SystemInit                               0x08003b67   Thumb Code    78  system_stm32f10x.o(.text)
    SystemCoreClockUpdate                    0x08003bb5   Thumb Code   142  system_stm32f10x.o(.text)
    __aeabi_fadd                             0x08003c69   Thumb Code   164  fadd.o(.text)
    __aeabi_fsub                             0x08003d0d   Thumb Code     6  fadd.o(.text)
    __aeabi_frsub                            0x08003d13   Thumb Code     6  fadd.o(.text)
    __aeabi_fmul                             0x08003d19   Thumb Code   100  fmul.o(.text)
    __aeabi_dmul                             0x08003d7d   Thumb Code   228  dmul.o(.text)
    __aeabi_ddiv                             0x08003e61   Thumb Code   222  ddiv.o(.text)
    __aeabi_ui2f                             0x08003f3f   Thumb Code    10  ffltui.o(.text)
    __aeabi_f2uiz                            0x08003f49   Thumb Code    40  ffixui.o(.text)
    __aeabi_f2d                              0x08003f71   Thumb Code    38  f2d.o(.text)
    __aeabi_d2f                              0x08003f97   Thumb Code    56  d2f.o(.text)
    __aeabi_cfrcmple                         0x08003fd1   Thumb Code    20  cfrcmple.o(.text)
    __aeabi_uidiv                            0x08003fe5   Thumb Code     0  uidiv.o(.text)
    __aeabi_uidivmod                         0x08003fe5   Thumb Code    44  uidiv.o(.text)
    __aeabi_uldivmod                         0x08004011   Thumb Code    98  uldiv.o(.text)
    __I$use$fp                               0x08004073   Thumb Code     0  iusefp.o(.text)
    _float_round                             0x08004073   Thumb Code    18  fepilogue.o(.text)
    _float_epilogue                          0x08004085   Thumb Code    92  fepilogue.o(.text)
    _double_round                            0x080040e1   Thumb Code    26  depilogue.o(.text)
    _double_epilogue                         0x080040fb   Thumb Code   156  depilogue.o(.text)
    __aeabi_dadd                             0x08004197   Thumb Code   322  dadd.o(.text)
    __aeabi_dsub                             0x080042d9   Thumb Code     6  dadd.o(.text)
    __aeabi_drsub                            0x080042df   Thumb Code     6  dadd.o(.text)
    __aeabi_d2ulz                            0x080042e5   Thumb Code    48  dfixul.o(.text)
    __aeabi_cdrcmple                         0x08004315   Thumb Code    38  cdrcmple.o(.text)
    __scatterload                            0x0800433d   Thumb Code    28  init.o(.text)
    __scatterload_rt2                        0x0800433d   Thumb Code     0  init.o(.text)
    __aeabi_llsl                             0x08004361   Thumb Code    30  llshl.o(.text)
    _ll_shift_l                              0x08004361   Thumb Code     0  llshl.o(.text)
    __aeabi_llsr                             0x0800437f   Thumb Code    32  llushr.o(.text)
    _ll_ushift_r                             0x0800437f   Thumb Code     0  llushr.o(.text)
    __aeabi_lasr                             0x0800439f   Thumb Code    36  llsshr.o(.text)
    _ll_sshift_r                             0x0800439f   Thumb Code     0  llsshr.o(.text)
    __decompress                             0x080043c3   Thumb Code     0  __dczerorl2.o(.text)
    __decompress1                            0x080043c3   Thumb Code    86  __dczerorl2.o(.text)
    __0printf                                0x08004419   Thumb Code    22  printfa.o(i.__0printf)
    __1printf                                0x08004419   Thumb Code     0  printfa.o(i.__0printf)
    __2printf                                0x08004419   Thumb Code     0  printfa.o(i.__0printf)
    __c89printf                              0x08004419   Thumb Code     0  printfa.o(i.__0printf)
    printf                                   0x08004419   Thumb Code     0  printfa.o(i.__0printf)
    __scatterload_copy                       0x08004439   Thumb Code    14  handlers.o(i.__scatterload_copy)
    __scatterload_null                       0x08004447   Thumb Code     2  handlers.o(i.__scatterload_null)
    __scatterload_zeroinit                   0x08004449   Thumb Code    14  handlers.o(i.__scatterload_zeroinit)
    F6x8                                     0x08004cec   Data         552  iic_ssd1306.o(.constdata)
    F8X16                                    0x08004f14   Data        1520  iic_ssd1306.o(.constdata)
    Region$$Table$$Base                      0x08005514   Number         0  anon$$obj.o(Region$$Table)
    Region$$Table$$Limit                     0x08005534   Number         0  anon$$obj.o(Region$$Table)
    num                                      0x20000000   Data           8  main.o(.data)
    F16x16                                   0x20000020   Data         192  iic_ssd1306.o(.data)
    BMP1                                     0x200000e0   Data        1024  iic_ssd1306.o(.data)
    SystemCoreClock                          0x200004e0   Data           4  system_stm32f10x.o(.data)
    AHBPrescTable                            0x200004e4   Data          16  system_stm32f10x.o(.data)
    __stdout                                 0x200004f4   Data           4  stdout.o(.data)
    __initial_sp                             0x20000960   Data           0  startup_stm32f10x_md.o(STACK)



==============================================================================

Memory Map of the image

  Image Entry point : 0x080000ed

  Load Region LR_IROM1 (Base: 0x08000000, Size: 0x00005a2c, Max: 0x00010000, ABSOLUTE, COMPRESSED[0x000056f0])

    Execution Region ER_IROM1 (Base: 0x08000000, Size: 0x00005534, Max: 0x00010000, ABSOLUTE)

    Base Addr    Size         Type   Attr      Idx    E Section Name        Object

    0x08000000   0x000000ec   Data   RO         1031    RESET               startup_stm32f10x_md.o
    0x080000ec   0x00000000   Code   RO         1098  * .ARM.Collect$$$$00000000  mc_w.l(entry.o)
    0x080000ec   0x00000004   Code   RO         1393    .ARM.Collect$$$$00000001  mc_w.l(entry2.o)
    0x080000f0   0x00000004   Code   RO         1396    .ARM.Collect$$$$00000004  mc_w.l(entry5.o)
    0x080000f4   0x00000000   Code   RO         1398    .ARM.Collect$$$$00000008  mc_w.l(entry7b.o)
    0x080000f4   0x00000000   Code   RO         1400    .ARM.Collect$$$$0000000A  mc_w.l(entry8b.o)
    0x080000f4   0x00000008   Code   RO         1401    .ARM.Collect$$$$0000000B  mc_w.l(entry9a.o)
    0x080000fc   0x00000000   Code   RO         1403    .ARM.Collect$$$$0000000D  mc_w.l(entry10a.o)
    0x080000fc   0x00000000   Code   RO         1405    .ARM.Collect$$$$0000000F  mc_w.l(entry11a.o)
    0x080000fc   0x00000004   Code   RO         1394    .ARM.Collect$$$$00002712  mc_w.l(entry2.o)
    0x08000100   0x00000100   Code   RO            3    .text               main.o
    0x08000200   0x000000dc   Code   RO          204    .text               misc.o
    0x080002dc   0x0000011c   Code   RO          384    .text               stm32f10x_exti.o
    0x080003f8   0x0000035c   Code   RO          444    .text               stm32f10x_gpio.o
    0x08000754   0x000003a4   Code   RO          524    .text               stm32f10x_rcc.o
    0x08000af8   0x00000e1a   Code   RO          606    .text               stm32f10x_tim.o
    0x08001912   0x00000002   PAD
    0x08001914   0x00000408   Code   RO          626    .text               stm32f10x_usart.o
    0x08001d1c   0x000001bc   Code   RO          666    .text               gpio.o
    0x08001ed8   0x00000180   Code   RO          689    .text               systick.o
    0x08002058   0x00000348   Code   RO          711    .text               uart.o
    0x080023a0   0x0000000c   Code   RO          736    .text               nvic.o
    0x080023ac   0x0000035c   Code   RO          756    .text               exti.o
    0x08002708   0x0000088c   Code   RO          841    .text               timer.o
    0x08002f94   0x00000328   Code   RO          863    .text               adc.o
    0x080032bc   0x0000028c   Code   RO          903    .text               i2c.o
    0x08003548   0x0000051c   Code   RO         1006    .text               iic_ssd1306.o
    0x08003a64   0x00000024   Code   RO         1032    .text               startup_stm32f10x_md.o
    0x08003a88   0x000001e0   Code   RO         1038    .text               system_stm32f10x.o
    0x08003c68   0x000000b0   Code   RO         1362    .text               mf_w.l(fadd.o)
    0x08003d18   0x00000064   Code   RO         1364    .text               mf_w.l(fmul.o)
    0x08003d7c   0x000000e4   Code   RO         1368    .text               mf_w.l(dmul.o)
    0x08003e60   0x000000de   Code   RO         1370    .text               mf_w.l(ddiv.o)
    0x08003f3e   0x0000000a   Code   RO         1374    .text               mf_w.l(ffltui.o)
    0x08003f48   0x00000028   Code   RO         1378    .text               mf_w.l(ffixui.o)
    0x08003f70   0x00000026   Code   RO         1380    .text               mf_w.l(f2d.o)
    0x08003f96   0x00000038   Code   RO         1382    .text               mf_w.l(d2f.o)
    0x08003fce   0x00000002   PAD
    0x08003fd0   0x00000014   Code   RO         1384    .text               mf_w.l(cfrcmple.o)
    0x08003fe4   0x0000002c   Code   RO         1408    .text               mc_w.l(uidiv.o)
    0x08004010   0x00000062   Code   RO         1410    .text               mc_w.l(uldiv.o)
    0x08004072   0x00000000   Code   RO         1419    .text               mc_w.l(iusefp.o)
    0x08004072   0x0000006e   Code   RO         1420    .text               mf_w.l(fepilogue.o)
    0x080040e0   0x000000b6   Code   RO         1422    .text               mf_w.l(depilogue.o)
    0x08004196   0x0000014e   Code   RO         1424    .text               mf_w.l(dadd.o)
    0x080042e4   0x00000030   Code   RO         1430    .text               mf_w.l(dfixul.o)
    0x08004314   0x00000028   Code   RO         1434    .text               mf_w.l(cdrcmple.o)
    0x0800433c   0x00000024   Code   RO         1436    .text               mc_w.l(init.o)
    0x08004360   0x0000001e   Code   RO         1438    .text               mc_w.l(llshl.o)
    0x0800437e   0x00000020   Code   RO         1440    .text               mc_w.l(llushr.o)
    0x0800439e   0x00000024   Code   RO         1442    .text               mc_w.l(llsshr.o)
    0x080043c2   0x00000056   Code   RO         1452    .text               mc_w.l(__dczerorl2.o)
    0x08004418   0x00000020   Code   RO         1334    i.__0printf         mc_w.l(printfa.o)
    0x08004438   0x0000000e   Code   RO         1446    i.__scatterload_copy  mc_w.l(handlers.o)
    0x08004446   0x00000002   Code   RO         1447    i.__scatterload_null  mc_w.l(handlers.o)
    0x08004448   0x0000000e   Code   RO         1448    i.__scatterload_zeroinit  mc_w.l(handlers.o)
    0x08004456   0x00000002   PAD
    0x08004458   0x00000164   Code   RO         1341    i._fp_digits        mc_w.l(printfa.o)
    0x080045bc   0x000006dc   Code   RO         1342    i._printf_core      mc_w.l(printfa.o)
    0x08004c98   0x00000024   Code   RO         1343    i._printf_post_padding  mc_w.l(printfa.o)
    0x08004cbc   0x0000002e   Code   RO         1344    i._printf_pre_padding  mc_w.l(printfa.o)
    0x08004cea   0x00000002   PAD
    0x08004cec   0x00000826   Data   RO         1007    .constdata          iic_ssd1306.o
    0x08005512   0x00000002   PAD
    0x08005514   0x00000020   Data   RO         1444    Region$$Table       anon$$obj.o


    Execution Region RW_IRAM1 (Base: 0x20000000, Size: 0x00000960, Max: 0x00005000, ABSOLUTE, COMPRESSED[0x000001bc])

    Base Addr    Size         Type   Attr      Idx    E Section Name        Object

    0x20000000   0x00000008   Data   RW            4    .data               main.o
    0x20000008   0x00000014   Data   RW          525    .data               stm32f10x_rcc.o
    0x2000001c   0x00000004   Data   RW          690    .data               systick.o
    0x20000020   0x000004c0   Data   RW         1008    .data               iic_ssd1306.o
    0x200004e0   0x00000014   Data   RW         1039    .data               system_stm32f10x.o
    0x200004f4   0x00000004   Data   RW         1407    .data               mc_w.l(stdout.o)
    0x200004f8   0x00000010   Zero   RW          712    .bss                uart.o
    0x20000508   0x00000040   Zero   RW          757    .bss                exti.o
    0x20000548   0x00000018   Zero   RW          842    .bss                timer.o
    0x20000560   0x00000400   Zero   RW         1029    STACK               startup_stm32f10x_md.o


==============================================================================

Image component sizes


      Code (inc. data)   RO Data    RW Data    ZI Data      Debug   Object Name

       808         42          0          0          0       1307   adc.o
       860         38          0          0         64       3279   exti.o
       444         40          0          0          0       1408   gpio.o
       652         14          0          0          0       1868   i2c.o
      1308         30       2086       1216          0       4971   iic_ssd1306.o
       256         60          0          8          0     258993   main.o
       220         22          0          0          0       2073   misc.o
        12          0          0          0          0        456   nvic.o
        36          8        236          0       1024        812   startup_stm32f10x_md.o
       284         10          0          0          0       2507   stm32f10x_exti.o
       860         38          0          0          0       5917   stm32f10x_gpio.o
       932         36          0         20          0       9144   stm32f10x_rcc.o
      3610         88          0          0          0      22404   stm32f10x_tim.o
      1032         22          0          0          0       8644   stm32f10x_usart.o
       480         38          0         20          0       1915   system_stm32f10x.o
       384         16          0          4          0       1877   systick.o
      2188         80          0          0         24       7172   timer.o
       840         34          0          0         16       3242   uart.o

    ----------------------------------------------------------------------
     15208        616       2356       1268       1128     337989   Object Totals
         0          0         32          0          0          0   (incl. Generated)
         2          0          2          0          0          0   (incl. Padding)

    ----------------------------------------------------------------------

      Code (inc. data)   RO Data    RW Data    ZI Data      Debug   Library Member Name

        86          0          0          0          0          0   __dczerorl2.o
         0          0          0          0          0          0   entry.o
         0          0          0          0          0          0   entry10a.o
         0          0          0          0          0          0   entry11a.o
         8          4          0          0          0          0   entry2.o
         4          0          0          0          0          0   entry5.o
         0          0          0          0          0          0   entry7b.o
         0          0          0          0          0          0   entry8b.o
         8          4          0          0          0          0   entry9a.o
        30          0          0          0          0          0   handlers.o
        36          8          0          0          0         68   init.o
         0          0          0          0          0          0   iusefp.o
        30          0          0          0          0         68   llshl.o
        36          0          0          0          0         68   llsshr.o
        32          0          0          0          0         68   llushr.o
      2226         90          0          0          0        444   printfa.o
         0          0          0          4          0          0   stdout.o
        44          0          0          0          0         80   uidiv.o
        98          0          0          0          0         92   uldiv.o
        40          2          0          0          0         68   cdrcmple.o
        20          0          0          0          0         68   cfrcmple.o
        56          0          0          0          0         88   d2f.o
       334          0          0          0          0        148   dadd.o
       222          0          0          0          0        100   ddiv.o
       182          0          0          0          0        176   depilogue.o
        48          0          0          0          0         68   dfixul.o
       228          0          0          0          0         96   dmul.o
        38          0          0          0          0         68   f2d.o
       176          0          0          0          0        140   fadd.o
       110          0          0          0          0        168   fepilogue.o
        40          0          0          0          0         68   ffixui.o
        10          0          0          0          0         68   ffltui.o
       100          0          0          0          0         76   fmul.o

    ----------------------------------------------------------------------
      4248        108          0          4          0       2288   Library Totals
         6          0          0          0          0          0   (incl. Padding)

    ----------------------------------------------------------------------

      Code (inc. data)   RO Data    RW Data    ZI Data      Debug   Library Name

      2638        106          0          4          0        888   mc_w.l
      1604          2          0          0          0       1400   mf_w.l

    ----------------------------------------------------------------------
      4248        108          0          4          0       2288   Library Totals

    ----------------------------------------------------------------------

==============================================================================


      Code (inc. data)   RO Data    RW Data    ZI Data      Debug   

     19456        724       2356       1272       1128     337649   Grand Totals
     19456        724       2356        444       1128     337649   ELF Image Totals (compressed)
     19456        724       2356        444          0          0   ROM Totals

==============================================================================

    Total RO  Size (Code + RO Data)                21812 (  21.30kB)
    Total RW  Size (RW Data + ZI Data)              2400 (   2.34kB)
    Total ROM Size (Code + RO Data + RW Data)      22256 (  21.73kB)

==============================================================================

