<html>
<body>
<pre>
<h1>礦ision Build Log</h1>
<h2>Project:</h2>
E:\四轴\stm32\例程zhangwenchao\project\25.GPS通信\exm.uvprojx
Project File Date:  10/04/2016

<h2>Output:</h2>
Build target 'exm'
compiling main.c...
linking...
Program Size: Code=12464 RO-data=268 RW-data=48 ZI-data=1128  
FromELF: creating hex file...
".\Objects\gpio.axf" - 0 Error(s), 0 Warning(s).

<h2>Software Packages used:</h2>

Package Vendor: ARM
                http://www.keil.com/pack/ARM.CMSIS.3.20.4.pack
                ARM::CMSIS:CORE:3.20.0
                Cortex Microcontroller Software Interface Standard (CMSIS) CORE, DSP, RTOS, Driver
   * Component: CORE Version: 3.20.0

Package Vendor: Keil
                http://www.keil.com/pack/Keil.STM32F1xx_DFP.1.1.0.pack
                Keil::Device:Startup:1.0.0
                STMicroelectronics STM32F1 Series Device Support, Drivers and Examples
   * Component: Startup Version: 1.0.0

<h2>Collection of Component include folders:</h2>
  E:\四轴\stm32\例程zhangwenchao\project\25.GPS通信\RTE
  E:\四轴\stm32\例程zhangwenchao\project\25.GPS通信\RTE\Device\STM32F103C8
  D:\keilv5\keil5\ARM\PACK\ARM\CMSIS\3.20.4\CMSIS\Include
  D:\keilv5\keil5\ARM\PACK\Keil\STM32F1xx_DFP\1.1.0\Device\Include

<h2>Collection of Component Files used:</h2>

   * Component: ARM::CMSIS:CORE:3.20.0

   * Component: Keil::Device:Startup:1.0.0
      Source file:   Device\Source\ARM\STM32F1xx_OPT.s
      Source file:   Device\Source\ARM\startup_stm32f10x_md.s
      Source file:   Device\Source\system_stm32f10x.c
      Include file:  RTE_Driver\Config\RTE_Device.h
Load "E:\\四轴\\stm32\\例程zhangwenchao\\project\\25.GPS通信\\Objects\\gpio.axf" 
Internal DLL Error
Error: Flash Download failed  -  Target DLL has been cancelled
Load "E:\\四轴\\stm32\\例程zhangwenchao\\project\\25.GPS通信\\Objects\\gpio.axf" 
Set JLink Project File to "E:\四轴\stm32\例程zhangwenchao\project\25.GPS通信\JLinkSettings.ini"
* JLink Info: Device "STM32F103ZE" selected (512 KB flash, 64 KB RAM).
 
JLink info:
------------
DLL: V4.80g, compiled Feb 13 2014 20:50:02
Firmware: J-Link ARM V8 compiled Nov 25 2013 19:20:08
Hardware: V8.00
S/N : 304427288 
Feature(s) : RDI,FlashDL,FlashBP,JFlash,GDBFULL 
 
* JLink Info: TotalIRLen = 9, IRPrint = 0x0011
* JLink Info: TotalIRLen = 9, IRPrint = 0x0011
* JLink Info: Found Cortex-M3 r1p1, Little endian.
* JLink Info: FPUnit: 6 code (BP) slots and 2 literal slots
* JLink Info: TPIU fitted.
* JLink Info: ETM fitted.
ROMTableAddr = 0xE00FF003
 
Target info:
------------
Device: STM32F103ZE
VTarget = 3.306V
State of Pins: 
TCK: 1, TDI: 0, TDO: 1, TMS: 0, TRES: 1, TRST: 1
Hardware-Breakpoints: 6
Software-Breakpoints: 8192
Watchpoints:          4
JTAG speed: 2000 kHz
 
Erase Done.
Programming Done.
Verify OK.
</pre>
</body>
</html>
DFP\1.1.0\Device\Include\stm32f10x.h(477): warning:  #12-D: parsing restarts here after previous syntax error
  } IRQn_Type;
user\main.c: 1 warning, 1 error
"user\main.c" - 1 Error(s), 1 Warning(s).
ning:  #12-D: parsing restarts here after previous syntax error
  } IRQn_Type;
..\..\STM32F10x_StdPeriph_Lib_V3.5.0\Libraries\STM32F10x_StdPeriph_Driver\src\stm32f10x_cec.c: 1 warning, 1 error
compiling stm32f10x_crc.c...
D:\keilv5\keil5\ARM\PACK\Keil\STM32F1xx_DFP\1.1.0\Device\Include\stm32f10x.h(303): error:  #67: expected a "}"
    ADC1_2_IRQn                 = 18,     /*!< ADC1 and ADC2 global Interrupt                       */
D:\keilv5\keil5\ARM\PACK\Keil\STM32F1xx_DFP\1.1.0\Device\Include\stm32f10x.h(477): warning:  #12-D: parsing restarts here after previous syntax error
  } IRQn_Type;
..\..\STM32F10x_StdPeriph_Lib_V3.5.0\Libraries\STM32F10x_StdPeriph_Driver\src\stm32f10x_crc.c: 1 warning, 1 error
compiling stm32f10x_dac.c...
D:\keilv5\keil5\ARM\PACK\Keil\STM32F1xx_DFP\1.1.0\Device\Include\stm32f10x.h(303): error:  #67: expected a "}"
    ADC1_2_IRQn                 = 18,     /*!< ADC1 and ADC2 global Interrupt                       */
D:\keilv5\keil5\ARM\PACK\Keil\STM32F1xx_DFP\1.1.0\Device\Include\stm32f10x.h(477): warning:  #12-D: parsing restarts here after previous syntax error
  } IRQn_Type;
..\..\STM32F10x_StdPeriph_Lib_V3.5.0\Libraries\STM32F10x_StdPeriph_Driver\src\stm32f10x_dac.c: 1 warning, 1 error
compiling stm32f10x_dbgmcu.c...
D:\keilv5\keil5\ARM\PACK\Keil\STM32F1xx_DFP\1.1.0\Device\Include\stm32f10x.h(303): error:  #67: expected a "}"
    ADC1_2_IRQn                 = 18,     /*!< ADC1 and ADC2 global Interrupt                       */
D:\keilv5\keil5\ARM\PACK\Keil\STM32F1xx_DFP\1.1.0\Device\Include\stm32f10x.h(477): warning:  #12-D: parsing restarts here after previous syntax error
  } IRQn_Type;
..\..\STM32F10x_StdPeriph_Lib_V3.5.0\Libraries\STM32F10x_StdPeriph_Driver\src\stm32f10x_dbgmcu.c: 1 warning, 1 error
compiling stm32f10x_dma.c...
D:\keilv5\keil5\ARM\PACK\Keil\STM32F1xx_DFP\1.1.0\Device\Include\stm32f10x.h(303): error:  #67: expected a "}"
    ADC1_2_IRQn                 = 18,     /*!< ADC1 and ADC2 global Interrupt                       */
D:\keilv5\keil5\ARM\PACK\Keil\STM32F1xx_DFP\1.1.0\Device\Include\stm32f10x.h(477): warning:  #12-D: parsing restarts here after previous syntax error
  } IRQn_Type;
..\..\STM32F10x_StdPeriph_Lib_V3.5.0\Libraries\STM32F10x_StdPeriph_Driver\src\stm32f10x_dma.c: 1 warning, 1 error
compiling stm32f10x_exti.c...
D:\keilv5\keil5\ARM\PACK\Keil\STM32F1xx_DFP\1.1.0\Device\Include\stm32f10x.h(303): error:  #67: expected a "}"
    ADC1_2_IRQn                 = 18,     /*!< ADC1 and ADC2 global Interrupt                       */
D:\keilv5\keil5\ARM\PACK\Keil\STM32F1xx_DFP\1.1.0\Device\Include\stm32f10x.h(477): warning:  #12-D: parsing restarts here after previous syntax error
  } IRQn_Type;
..\..\STM32F10x_StdPeriph_Lib_V3.5.0\Libraries\STM32F10x_StdPeriph_Driver\src\stm32f10x_exti.c: 1 warning, 1 error
compiling stm32f10x_flash.c...
D:\keilv5\keil5\ARM\PACK\Keil\STM32F1xx_DFP\1.1.0\Device\Include\stm32f10x.h(303): error:  #67: expected a "}"
    ADC1_2_IRQn                 = 18,     /*!< ADC1 and ADC2 global Interrupt                       */
D:\keilv5\keil5\ARM\PACK\Keil\STM32F1xx_DFP\1.1.0\Device\Include\stm32f10x.h(477): warning:  #12-D: parsing restarts here after previous syntax error
  } IRQn_Type;
..\..\STM32F10x_StdPeriph_Lib_V3.5.0\Libraries\STM32F10x_StdPeriph_Driver\src\stm32f10x_flash.c: 1 warning, 1 error
compiling stm32f10x_fsmc.c...
D:\keilv5\keil5\ARM\PACK\Keil\STM32F1xx_DFP\1.1.0\Device\Include\stm32f10x.h(303): error:  #67: expected a "}"
    ADC1_2_IRQn                 = 18,     /*!< ADC1 and ADC2 global Interrupt                       */
D:\keilv5\keil5\ARM\PACK\Keil\STM32F1xx_DFP\1.1.0\Device\Include\stm32f10x.h(477): warning:  #12-D: parsing restarts here after previous syntax error
  } IRQn_Type;
..\..\STM32F10x_StdPeriph_Lib_V3.5.0\Libraries\STM32F10x_StdPeriph_Driver\src\stm32f10x_fsmc.c: 1 warning, 1 error
compiling stm32f10x_gpio.c...
D:\keilv5\keil5\ARM\PACK\Keil\STM32F1xx_DFP\1.1.0\Device\Include\stm32f10x.h(303): error:  #67: expected a "}"
    ADC1_2_IRQn                 = 18,     /*!< ADC1 and ADC2 global Interrupt                       */
D:\keilv5\keil5\ARM\PACK\Keil\STM32F1xx_DFP\1.1.0\Device\Include\stm32f10x.h(477): warning:  #12-D: parsing restarts here after previous syntax error
  } IRQn_Type;
..\..\STM32F10x_StdPeriph_Lib_V3.5.0\Libraries\STM32F10x_StdPeriph_Driver\src\stm32f10x_gpio.c: 1 warning, 1 error
compiling stm32f10x_i2c.c...
D:\keilv5\keil5\ARM\PACK\Keil\STM32F1xx_DFP\1.1.0\Device\Include\stm32f10x.h(303): error:  #67: expected a "}"
    ADC1_2_IRQn                 = 18,     /*!< ADC1 and ADC2 global Interrupt                       */
D:\keilv5\keil5\ARM\PACK\Keil\STM32F1xx_DFP\1.1.0\Device\Include\stm32f10x.h(477): warning:  #12-D: parsing restarts here after previous syntax error
  } IRQn_Type;
..\..\STM32F10x_StdPeriph_Lib_V3.5.0\Libraries\STM32F10x_StdPeriph_Driver\src\stm32f10x_i2c.c: 1 warning, 1 error
compiling stm32f10x_iwdg.c...
D:\keilv5\keil5\ARM\PACK\Keil\STM32F1xx_DFP\1.1.0\Device\Include\stm32f10x.h(303): error:  #67: expected a "}"
    ADC1_2_IRQn                 = 18,     /*!< ADC1 and ADC2 global Interrupt                       */
D:\keilv5\keil5\ARM\PACK\Keil\STM32F1xx_DFP\1.1.0\Device\Include\stm32f10x.h(477): warning:  #12-D: parsing restarts here after previous syntax error
  } IRQn_Type;
..\..\STM32F10x_StdPeriph_Lib_V3.5.0\Libraries\STM32F10x_StdPeriph_Driver\src\stm32f10x_iwdg.c: 1 warning, 1 error
compiling stm32f10x_pwr.c...
D:\keilv5\keil5\ARM\PACK\Keil\STM32F1xx_DFP\1.1.0\Device\Include\stm32f10x.h(303): error:  #67: expected a "}"
    ADC1_2_IRQn                 = 18,     /*!< ADC1 and ADC2 global Interrupt                       */
D:\keilv5\keil5\ARM\PACK\Keil\STM32F1xx_DFP\1.1.0\Device\Include\stm32f10x.h(477): warning:  #12-D: parsing restarts here after previous syntax error
  } IRQn_Type;
..\..\STM32F10x_StdPeriph_Lib_V3.5.0\Libraries\STM32F10x_StdPeriph_Driver\src\stm32f10x_pwr.c: 1 warning, 1 error
compiling stm32f10x_rcc.c...
D:\keilv5\keil5\ARM\PACK\Keil\STM32F1xx_DFP\1.1.0\Device\Include\stm32f10x.h(303): error:  #67: expected a "}"
    ADC1_2_IRQn                 = 18,     /*!< ADC1 and ADC2 global Interrupt                       */
D:\keilv5\keil5\ARM\PACK\Keil\STM32F1xx_DFP\1.1.0\Device\Include\stm32f10x.h(477): warning:  #12-D: parsing restarts here after previous syntax error
  } IRQn_Type;
..\..\STM32F10x_StdPeriph_Lib_V3.5.0\Libraries\STM32F10x_StdPeriph_Driver\src\stm32f10x_rcc.c: 1 warning, 1 error
compiling stm32f10x_rtc.c...
D:\keilv5\keil5\ARM\PACK\Keil\STM32F1xx_DFP\1.1.0\Device\Include\stm32f10x.h(303): error:  #67: expected a "}"
    ADC1_2_IRQn                 = 18,     /*!< ADC1 and ADC2 global Interrupt                       */
D:\keilv5\keil5\ARM\PACK\Keil\STM32F1xx_DFP\1.1.0\Device\Include\stm32f10x.h(477): warning:  #12-D: parsing restarts here after previous syntax error
  } IRQn_Type;
..\..\STM32F10x_StdPeriph_Lib_V3.5.0\Libraries\STM32F10x_StdPeriph_Driver\src\stm32f10x_rtc.c: 1 warning, 1 error
compiling stm32f10x_sdio.c...
D:\keilv5\keil5\ARM\PACK\Keil\STM32F1xx_DFP\1.1.0\Device\Include\stm32f10x.h(303): error:  #67: expected a "}"
    ADC1_2_IRQn                 = 18,     /*!< ADC1 and ADC2 global Interrupt                       */
D:\keilv5\keil5\ARM\PACK\Keil\STM32F1xx_DFP\1.1.0\Device\Include\stm32f10x.h(477): warning:  #12-D: parsing restarts here after previous syntax error
  } IRQn_Type;
..\..\STM32F10x_StdPeriph_Lib_V3.5.0\Libraries\STM32F10x_StdPeriph_Driver\src\stm32f10x_sdio.c: 1 warning, 1 error
compiling stm32f10x_spi.c...
D:\keilv5\keil5\ARM\PACK\Keil\STM32F1xx_DFP\1.1.0\Device\Include\stm32f10x.h(303): error:  #67: expected a "}"
    ADC1_2_IRQn                 = 18,     /*!< ADC1 and ADC2 global Interrupt                       */
D:\keilv5\keil5\ARM\PACK\Keil\STM32F1xx_DFP\1.1.0\Device\Include\stm32f10x.h(477): warning:  #12-D: parsing restarts here after previous syntax error
  } IRQn_Type;
..\..\STM32F10x_StdPeriph_Lib_V3.5.0\Libraries\STM32F10x_StdPeriph_Driver\src\stm32f10x_spi.c: 1 warning, 1 error
compiling stm32f10x_tim.c...
D:\keilv5\keil5\ARM\PACK\Keil\STM32F1xx_DFP\1.1.0\Device\Include\stm32f10x.h(303): error:  #67: expected a "}"
    ADC1_2_IRQn                 = 18,     /*!< ADC1 and ADC2 global Interrupt                       */
D:\keilv5\keil5\ARM\PACK\Keil\STM32F1xx_DFP\1.1.0\Device\Include\stm32f10x.h(477): warning:  #12-D: parsing restarts here after previous syntax error
  } IRQn_Type;
..\..\STM32F10x_StdPeriph_Lib_V3.5.0\Libraries\STM32F10x_StdPeriph_Driver\src\stm32f10x_tim.c: 1 warning, 1 error
compiling stm32f10x_usart.c...
D:\keilv5\keil5\ARM\PACK\Keil\STM32F1xx_DFP\1.1.0\Device\Include\stm32f10x.h(303): error:  #67: expected a "}"
    ADC1_2_IRQn                 = 18,     /*!< ADC1 and ADC2 global Interrupt                       */
D:\keilv5\keil5\ARM\PACK\Keil\STM32F1xx_DFP\1.1.0\Device\Include\stm32f10x.h(477): warning:  #12-D: parsing restarts here after previous syntax error
  } IRQn_Type;
..\..\STM32F10x_StdPeriph_Lib_V3.5.0\Libraries\STM32F10x_StdPeriph_Driver\src\stm32f10x_usart.c: 1 warning, 1 error
compiling stm32f10x_wwdg.c...
D:\keilv5\keil5\ARM\PACK\Keil\STM32F1xx_DFP\1.1.0\Device\Include\stm32f10x.h(303): error:  #67: expected a "}"
    ADC1_2_IRQn                 = 18,     /*!< ADC1 and ADC2 global Interrupt                       */
D:\keilv5\keil5\ARM\PACK\Keil\STM32F1xx_DFP\1.1.0\Device\Include\stm32f10x.h(477): warning:  #12-D: parsing restarts here after previous syntax error
  } IRQn_Type;
..\..\STM32F10x_StdPeriph_Lib_V3.5.0\Libraries\STM32F10x_StdPeriph_Driver\src\stm32f10x_wwdg.c: 1 warning, 1 error
compiling gpio.c...
D:\keilv5\keil5\ARM\PACK\Keil\STM32F1xx_DFP\1.1.0\Device\Include\stm32f10x.h(303): error:  #67: expected a "}"
    ADC1_2_IRQn                 = 18,     /*!< ADC1 and ADC2 global Interrupt                       */
D:\keilv5\keil5\ARM\PACK\Keil\STM32F1xx_DFP\1.1.0\Device\Include\stm32f10x.h(477): warning:  #12-D: parsing restarts here after previous syntax error
  } IRQn_Type;
..\..\wenchao_lib\drive\gpio.c: 1 warning, 1 error
compiling systick.c...
D:\keilv5\keil5\ARM\PACK\Keil\STM32F1xx_DFP\1.1.0\Device\Include\stm32f10x.h(303): error:  #67: expected a "}"
    ADC1_2_IRQn                 = 18,     /*!< ADC1 and ADC2 global Interrupt                       */
D:\keilv5\keil5\ARM\PACK\Keil\STM32F1xx_DFP\1.1.0\Device\Include\stm32f10x.h(477): warning:  #12-D: parsing restarts here after previous syntax error
  } IRQn_Type;
..\..\wenchao_lib\drive\systick.c: 1 warning, 1 error
compiling uart.c...
D:\keilv5\keil5\ARM\PACK\Keil\STM32F1xx_DFP\1.1.0\Device\Include\stm32f10x.h(303): error:  #67: expected a "}"
    ADC1_2_IRQn                 = 18,     /*!< ADC1 and ADC2 global Interrupt                       */
D:\keilv5\keil5\ARM\PACK\Keil\STM32F1xx_DFP\1.1.0\Device\Include\stm32f10x.h(477): warning:  #12-D: parsing restarts here after previous syntax error
  } IRQn_Type;
..\..\wenchao_lib\drive\uart.c: 1 warning, 1 error
compiling nvic.c...
D:\keilv5\keil5\ARM\PACK\Keil\STM32F1xx_DFP\1.1.0\Device\Include\stm32f10x.h(303): error:  #67: expected a "}"
    ADC1_2_IRQn                 = 18,     /*!< ADC1 and ADC2 global Interrupt                       */
D:\keilv5\keil5\ARM\PACK\Keil\STM32F1xx_DFP\1.1.0\Device\Include\stm32f10x.h(477): warning:  #12-D: parsing restarts here after previous syntax error
  } IRQn_Type;
..\..\wenchao_lib\drive\nvic.c: 1 warning, 1 error
compiling exti.c...
D:\keilv5\keil5\ARM\PACK\Keil\STM32F1xx_DFP\1.1.0\Device\Include\stm32f10x.h(303): error:  #67: expected a "}"
    ADC1_2_IRQn                 = 18,     /*!< ADC1 and ADC2 global Interrupt                       */
D:\keilv5\keil5\ARM\PACK\Keil\STM32F1xx_DFP\1.1.0\Device\Include\stm32f10x.h(477): warning:  #12-D: parsing restarts here after previous syntax error
  } IRQn_Type;
..\..\wenchao_lib\drive\exti.c: 1 warning, 1 error
compiling iwdg.c...
D:\keilv5\keil5\ARM\PACK\Keil\STM32F1xx_DFP\1.1.0\Device\Include\stm32f10x.h(303): error:  #67: expected a "}"
    ADC1_2_IRQn                 = 18,     /*!< ADC1 and ADC2 global Interrupt                       */
D:\keilv5\keil5\ARM\PACK\Keil\STM32F1xx_DFP\1.1.0\Device\Include\stm32f10x.h(477): warning:  #12-D: parsing restarts here after previous syntax error
  } IRQn_Type;
..\..\wenchao_lib\drive\iwdg.c: 1 warning, 1 error
compiling spi.c...
D:\keilv5\keil5\ARM\PACK\Keil\STM32F1xx_DFP\1.1.0\Device\Include\stm32f10x.h(303): error:  #67: expected a "}"
    ADC1_2_IRQn                 = 18,     /*!< ADC1 and ADC2 global Interrupt                       */
D:\keilv5\keil5\ARM\PACK\Keil\STM32F1xx_DFP\1.1.0\Device\Include\stm32f10x.h(477): warning:  #12-D: parsing restarts here after previous syntax error
  } IRQn_Type;
..\..\wenchao_lib\drive\spi.c: 1 warning, 1 error
compiling nrf2401.c...
D:\keilv5\keil5\ARM\PACK\Keil\STM32F1xx_DFP\1.1.0\Device\Include\stm32f10x.h(303): error:  #67: expected a "}"
    ADC1_2_IRQn                 = 18,     /*!< ADC1 and ADC2 global Interrupt                       */
D:\keilv5\keil5\ARM\PACK\Keil\STM32F1xx_DFP\1.1.0\Device\Include\stm32f10x.h(477): warning:  #12-D: parsing restarts here after previous syntax error
  } IRQn_Type;
..\..\wenchao_lib\drive\nrf2401.c: 1 warning, 1 error
compiling timer.c...
D:\keilv5\keil5\ARM\PACK\Keil\STM32F1xx_DFP\1.1.0\Device\Include\stm32f10x.h(303): error:  #67: expected a "}"
    ADC1_2_IRQn                 = 18,     /*!< ADC1 and ADC2 global Interrupt                       */
D:\keilv5\keil5\ARM\PACK\Keil\STM32F1xx_DFP\1.1.0\Device\Include\stm32f10x.h(477): warning:  #12-D: parsing restarts here after previous syntax error
  } IRQn_Type;
..\..\wenchao_lib\drive\timer.c: 1 warning, 1 error
compiling system_stm32f10x.c...
D:\keilv5\keil5\ARM\PACK\Keil\STM32F1xx_DFP\1.1.0\Device\Include\stm32f10x.h(303): error:  #67: expected a "}"
    ADC1_2_IRQn                 = 18,     /*!< ADC1 and ADC2 global Interrupt                       */
D:\keilv5\keil5\ARM\PACK\Keil\STM32F1xx_DFP\1.1.0\Device\Include\stm32f10x.h(477): warning:  #12-D: parsing restarts here after previous syntax error
  } IRQn_Type;
RTE\Device\STM32F103ZE\system_stm32f10x.c: 1 warning, 1 error
".\Objects\gpio.axf" - 34 Error(s), 34 Warning(s).

<h2>Software Packages used:</h2>

Package Vendor: ARM
                http://www.keil.com/pack/ARM.CMSIS.3.20.4.pack
                ARM::CMSIS:CORE:3.20.0
                Cortex Microcontroller Software Interface Standard (CMSIS) CORE, DSP, RTOS, Driver
   * Component: CORE Version: 3.20.0

Package Vendor: Keil
                http://www.keil.com/pack/Keil.STM32F1xx_DFP.1.1.0.pack
                Keil::Device:Startup:1.0.0
                STMicroelectronics STM32F1 Series Device Support, Drivers and Examples
   * Component: Startup Version: 1.0.0

<h2>Collection of Component include folders:</h2>
  E:\四轴\stm32\例程zhangwenchao\project\25.GPS通信\RTE
  E:\四轴\stm32\例程zhangwenchao\project\25.GPS通信\RTE\Device\STM32F103ZE
  D:\keilv5\keil5\ARM\PACK\ARM\CMSIS\3.20.4\CMSIS\Include
  D:\keilv5\keil5\ARM\PACK\Keil\STM32F1xx_DFP\1.1.0\Device\Include

<h2>Collection of Component Files used:</h2>

   * Component: ARM::CMSIS:CORE:3.20.0

   * Component: Keil::Device:Startup:1.0.0
      Source file:   Device\Source\ARM\STM32F1xx_OPT.s
      Source file:   Device\Source\ARM\startup_stm32f10x_hd.s
      Source file:   Device\Source\system_stm32f10x.c
      Include file:  RTE_Driver\Config\RTE_Device.h
Target not created
fig\RTE_Device.h
Target not created
